<?xml version="1.0" encoding="ISO-8859-1" ?>
<link_info>
   <banner>TMS320C2000 Linker PC v21.6.0.LTS</banner>
   <copyright>Copyright (c) 1996-2018 Texas Instruments Incorporated</copyright>
   <link_time>0x633641c9</link_time>
   <link_errors>0x0</link_errors>
   <output_file>Sci_Test.out</output_file>
   <entry_point>
      <name>_c_int00</name>
      <address>0x89f4</address>
   </entry_point>
   <input_file_list>
      <input_file id="fl-2">
         <path>.\</path>
         <kind>object</kind>
         <file>clk.obj</file>
         <name>clk.obj</name>
      </input_file>
      <input_file id="fl-3">
         <path>.\</path>
         <kind>object</kind>
         <file>gpio.obj</file>
         <name>gpio.obj</name>
      </input_file>
      <input_file id="fl-4">
         <path>.\</path>
         <kind>object</kind>
         <file>main.obj</file>
         <name>main.obj</name>
      </input_file>
      <input_file id="fl-5">
         <path>.\</path>
         <kind>object</kind>
         <file>sci.obj</file>
         <name>sci.obj</name>
      </input_file>
      <input_file id="fl-9">
         <kind>object</kind>
         <file>&lt;internal&gt;</file>
         <name>&lt;internal&gt;</name>
      </input_file>
      <input_file id="fl-15">
         <path>C:\ti\ccs1120\ccs\tools\compiler\ti-cgt-c2000_21.6.0.LTS\lib\</path>
         <kind>archive</kind>
         <file>rts2800_fpu32.lib</file>
         <name>boot28.asm.obj</name>
      </input_file>
      <input_file id="fl-16">
         <path>C:\ti\ccs1120\ccs\tools\compiler\ti-cgt-c2000_21.6.0.LTS\lib\</path>
         <kind>archive</kind>
         <file>rts2800_fpu32.lib</file>
         <name>cpy_tbl.c.obj</name>
      </input_file>
      <input_file id="fl-17">
         <path>C:\ti\ccs1120\ccs\tools\compiler\ti-cgt-c2000_21.6.0.LTS\lib\</path>
         <kind>archive</kind>
         <file>rts2800_fpu32.lib</file>
         <name>memcpy.c.obj</name>
      </input_file>
      <input_file id="fl-18">
         <path>C:\ti\ccs1120\ccs\tools\compiler\ti-cgt-c2000_21.6.0.LTS\lib\</path>
         <kind>archive</kind>
         <file>rts2800_fpu32.lib</file>
         <name>pre_init.c.obj</name>
      </input_file>
      <input_file id="fl-19">
         <path>C:\ti\ccs1120\ccs\tools\compiler\ti-cgt-c2000_21.6.0.LTS\lib\</path>
         <kind>archive</kind>
         <file>rts2800_fpu32.lib</file>
         <name>startup.c.obj</name>
      </input_file>
      <input_file id="fl-1a">
         <path>C:\ti\ccs1120\ccs\tools\compiler\ti-cgt-c2000_21.6.0.LTS\lib\</path>
         <kind>archive</kind>
         <file>rts2800_fpu32.lib</file>
         <name>exit.c.obj</name>
      </input_file>
      <input_file id="fl-1b">
         <path>C:\ti\ccs1120\ccs\tools\compiler\ti-cgt-c2000_21.6.0.LTS\lib\</path>
         <kind>archive</kind>
         <file>rts2800_fpu32.lib</file>
         <name>_lock.c.obj</name>
      </input_file>
      <input_file id="fl-1c">
         <path>C:\ti\ccs1120\ccs\tools\compiler\ti-cgt-c2000_21.6.0.LTS\lib\</path>
         <kind>archive</kind>
         <file>rts2800_fpu32.lib</file>
         <name>args_main.c.obj</name>
      </input_file>
      <input_file id="fl-1d">
         <path>C:\ti\ccs1120\ccs\tools\compiler\ti-cgt-c2000_21.6.0.LTS\lib\</path>
         <kind>archive</kind>
         <file>rts2800_fpu32.lib</file>
         <name>strtol.c.obj</name>
      </input_file>
      <input_file id="fl-1e">
         <path>C:\ti\ccs1120\ccs\tools\compiler\ti-cgt-c2000_21.6.0.LTS\lib\</path>
         <kind>archive</kind>
         <file>rts2800_fpu32.lib</file>
         <name>errno.c.obj</name>
      </input_file>
      <input_file id="fl-1f">
         <path>C:\ti\ccs1120\ccs\tools\compiler\ti-cgt-c2000_21.6.0.LTS\lib\</path>
         <kind>archive</kind>
         <file>rts2800_fpu32.lib</file>
         <name>ctype.c.obj</name>
      </input_file>
   </input_file_list>
   <object_component_list>
      <object_component id="oc-6a">
         <name>.text</name>
         <load_address>0x8000</load_address>
         <run_address>0x8000</run_address>
         <size>0x31d</size>
         <input_file_ref idref="fl-2"/>
      </object_component>
      <object_component id="oc-6b">
         <name>.text</name>
         <load_address>0x831d</load_address>
         <run_address>0x831d</run_address>
         <size>0x314</size>
         <input_file_ref idref="fl-3"/>
      </object_component>
      <object_component id="oc-69">
         <name>.text</name>
         <load_address>0x8631</load_address>
         <run_address>0x8631</run_address>
         <size>0x289</size>
         <input_file_ref idref="fl-5"/>
      </object_component>
      <object_component id="oc-6d">
         <name>.text</name>
         <load_address>0x88ba</load_address>
         <run_address>0x88ba</run_address>
         <size>0xd3</size>
         <input_file_ref idref="fl-1d"/>
      </object_component>
      <object_component id="oc-66">
         <name>.text</name>
         <load_address>0x898d</load_address>
         <run_address>0x898d</run_address>
         <size>0x67</size>
         <input_file_ref idref="fl-4"/>
      </object_component>
      <object_component id="oc-15">
         <name>.text</name>
         <load_address>0x89f4</load_address>
         <run_address>0x89f4</run_address>
         <size>0x56</size>
         <input_file_ref idref="fl-15"/>
      </object_component>
      <object_component id="oc-64">
         <name>.text</name>
         <load_address>0x8a4a</load_address>
         <run_address>0x8a4a</run_address>
         <size>0x29</size>
         <input_file_ref idref="fl-1a"/>
      </object_component>
      <object_component id="oc-61">
         <name>.text</name>
         <load_address>0x8a73</load_address>
         <run_address>0x8a73</run_address>
         <size>0x24</size>
         <input_file_ref idref="fl-16"/>
      </object_component>
      <object_component id="oc-65">
         <name>.text</name>
         <load_address>0x8a97</load_address>
         <run_address>0x8a97</run_address>
         <size>0x1d</size>
         <input_file_ref idref="fl-17"/>
      </object_component>
      <object_component id="oc-63">
         <name>.text</name>
         <load_address>0x8ab4</load_address>
         <run_address>0x8ab4</run_address>
         <size>0x12</size>
         <input_file_ref idref="fl-1c"/>
      </object_component>
      <object_component id="oc-6e">
         <name>.text</name>
         <load_address>0x8ac6</load_address>
         <run_address>0x8ac6</run_address>
         <size>0x9</size>
         <input_file_ref idref="fl-1b"/>
      </object_component>
      <object_component id="oc-60">
         <name>.text</name>
         <load_address>0x8acf</load_address>
         <run_address>0x8acf</run_address>
         <size>0x2</size>
         <input_file_ref idref="fl-18"/>
      </object_component>
      <object_component id="oc-62">
         <name>.text</name>
         <load_address>0x8ad1</load_address>
         <run_address>0x8ad1</run_address>
         <size>0x1</size>
         <input_file_ref idref="fl-19"/>
      </object_component>
      <object_component id="oc-45">
         <name>.cinit</name>
         <load_address>0x50</load_address>
         <run_address>0x50</run_address>
         <size>0xe</size>
         <input_file_ref idref="fl-1a"/>
      </object_component>
      <object_component id="oc-68">
         <name>.cinit:__lock</name>
         <load_address>0x5e</load_address>
         <run_address>0x5e</run_address>
         <size>0x5</size>
         <input_file_ref idref="fl-1b"/>
      </object_component>
      <object_component id="oc-6f">
         <name>.cinit:__unlock</name>
         <load_address>0x63</load_address>
         <run_address>0x63</run_address>
         <size>0x5</size>
         <input_file_ref idref="fl-1b"/>
      </object_component>
      <object_component id="oc-5b">
         <name>.cinit</name>
         <load_address>0x68</load_address>
         <run_address>0x68</run_address>
         <size>0x4</size>
         <input_file_ref idref="fl-1e"/>
      </object_component>
      <object_component id="oc-2b">
         <name>.reset</name>
         <load_address>0x3fffc0</load_address>
         <run_address>0x3fffc0</run_address>
         <size>0x2</size>
         <input_file_ref idref="fl-15"/>
      </object_component>
      <object_component id="oc-2a">
         <name>.stack</name>
         <uninitialized>true</uninitialized>
         <run_address>0x400</run_address>
         <size>0x0</size>
         <input_file_ref idref="fl-15"/>
      </object_component>
      <object_component id="oc-90">
         <name>.stack</name>
         <uninitialized>true</uninitialized>
         <run_address>0x400</run_address>
         <size>0x0</size>
      </object_component>
      <object_component id="oc-46">
         <name>.ebss</name>
         <uninitialized>true</uninitialized>
         <run_address>0xa120</run_address>
         <size>0x6</size>
         <input_file_ref idref="fl-1a"/>
      </object_component>
      <object_component id="oc-67">
         <name>.ebss:__lock</name>
         <uninitialized>true</uninitialized>
         <run_address>0xa126</run_address>
         <size>0x2</size>
         <input_file_ref idref="fl-1b"/>
      </object_component>
      <object_component id="oc-71">
         <name>.ebss:__unlock</name>
         <uninitialized>true</uninitialized>
         <run_address>0xa128</run_address>
         <size>0x2</size>
         <input_file_ref idref="fl-1b"/>
      </object_component>
      <object_component id="oc-5c">
         <name>.ebss</name>
         <uninitialized>true</uninitialized>
         <run_address>0xa12a</run_address>
         <size>0x1</size>
         <input_file_ref idref="fl-1e"/>
      </object_component>
      <object_component id="oc-70">
         <name>.econst:.string:__ctypes_</name>
         <load_address>0xa000</load_address>
         <run_address>0xa000</run_address>
         <size>0x101</size>
         <input_file_ref idref="fl-1f"/>
      </object_component>
      <object_component id="oc-6c">
         <name>.econst:.string:_$P$T0$1</name>
         <load_address>0xa101</load_address>
         <run_address>0xa101</run_address>
         <size>0x1e</size>
         <input_file_ref idref="fl-4"/>
      </object_component>
      <object_component id="oc-16">
         <name>.debug_info</name>
         <load_address>0x0</load_address>
         <run_address>0x0</run_address>
         <size>0x32f5</size>
         <input_file_ref idref="fl-2"/>
      </object_component>
      <object_component id="oc-1b">
         <name>.debug_info</name>
         <load_address>0x32f5</load_address>
         <run_address>0x32f5</run_address>
         <size>0x340c</size>
         <input_file_ref idref="fl-3"/>
      </object_component>
      <object_component id="oc-20">
         <name>.debug_info</name>
         <load_address>0x6701</load_address>
         <run_address>0x6701</run_address>
         <size>0x2c11</size>
         <input_file_ref idref="fl-4"/>
      </object_component>
      <object_component id="oc-25">
         <name>.debug_info</name>
         <load_address>0x9312</load_address>
         <run_address>0x9312</run_address>
         <size>0x309e</size>
         <input_file_ref idref="fl-5"/>
      </object_component>
      <object_component id="oc-2c">
         <name>.debug_info</name>
         <load_address>0xc3b0</load_address>
         <run_address>0xc3b0</run_address>
         <size>0x173</size>
         <input_file_ref idref="fl-15"/>
      </object_component>
      <object_component id="oc-30">
         <name>.debug_info</name>
         <load_address>0xc523</load_address>
         <run_address>0xc523</run_address>
         <size>0x561</size>
         <input_file_ref idref="fl-16"/>
      </object_component>
      <object_component id="oc-35">
         <name>.debug_info</name>
         <load_address>0xca84</load_address>
         <run_address>0xca84</run_address>
         <size>0x43a</size>
         <input_file_ref idref="fl-17"/>
      </object_component>
      <object_component id="oc-3a">
         <name>.debug_info</name>
         <load_address>0xcebe</load_address>
         <run_address>0xcebe</run_address>
         <size>0x3ad</size>
         <input_file_ref idref="fl-18"/>
      </object_component>
      <object_component id="oc-3f">
         <name>.debug_info</name>
         <load_address>0xd26b</load_address>
         <run_address>0xd26b</run_address>
         <size>0x3aa</size>
         <input_file_ref idref="fl-19"/>
      </object_component>
      <object_component id="oc-44">
         <name>.debug_info</name>
         <load_address>0xd615</load_address>
         <run_address>0xd615</run_address>
         <size>0x544</size>
         <input_file_ref idref="fl-1a"/>
      </object_component>
      <object_component id="oc-4b">
         <name>.debug_info</name>
         <load_address>0xdb59</load_address>
         <run_address>0xdb59</run_address>
         <size>0x4cc</size>
         <input_file_ref idref="fl-1b"/>
      </object_component>
      <object_component id="oc-50">
         <name>.debug_info</name>
         <load_address>0xe025</load_address>
         <run_address>0xe025</run_address>
         <size>0x467</size>
         <input_file_ref idref="fl-1c"/>
      </object_component>
      <object_component id="oc-55">
         <name>.debug_info</name>
         <load_address>0xe48c</load_address>
         <run_address>0xe48c</run_address>
         <size>0x575</size>
         <input_file_ref idref="fl-1d"/>
      </object_component>
      <object_component id="oc-5a">
         <name>.debug_info</name>
         <load_address>0xea01</load_address>
         <run_address>0xea01</run_address>
         <size>0x1c6</size>
         <input_file_ref idref="fl-1e"/>
      </object_component>
      <object_component id="oc-5e">
         <name>.debug_info</name>
         <load_address>0xebc7</load_address>
         <run_address>0xebc7</run_address>
         <size>0x1e7</size>
         <input_file_ref idref="fl-1f"/>
      </object_component>
      <object_component id="oc-91">
         <name>.debug_info</name>
         <load_address>0xedae</load_address>
         <run_address>0xedae</run_address>
         <size>0x9f</size>
      </object_component>
      <object_component id="oc-17">
         <name>.debug_frame</name>
         <load_address>0x0</load_address>
         <run_address>0x0</run_address>
         <size>0x69c</size>
         <input_file_ref idref="fl-2"/>
      </object_component>
      <object_component id="oc-1c">
         <name>.debug_frame</name>
         <load_address>0x69c</load_address>
         <run_address>0x69c</run_address>
         <size>0x1cc</size>
         <input_file_ref idref="fl-3"/>
      </object_component>
      <object_component id="oc-21">
         <name>.debug_frame</name>
         <load_address>0x868</load_address>
         <run_address>0x868</run_address>
         <size>0x78</size>
         <input_file_ref idref="fl-4"/>
      </object_component>
      <object_component id="oc-26">
         <name>.debug_frame</name>
         <load_address>0x8e0</load_address>
         <run_address>0x8e0</run_address>
         <size>0x664</size>
         <input_file_ref idref="fl-5"/>
      </object_component>
      <object_component id="oc-31">
         <name>.debug_frame</name>
         <load_address>0xf44</load_address>
         <run_address>0xf44</run_address>
         <size>0x60</size>
         <input_file_ref idref="fl-16"/>
      </object_component>
      <object_component id="oc-36">
         <name>.debug_frame</name>
         <load_address>0xfa4</load_address>
         <run_address>0xfa4</run_address>
         <size>0x40</size>
         <input_file_ref idref="fl-17"/>
      </object_component>
      <object_component id="oc-3b">
         <name>.debug_frame</name>
         <load_address>0xfe4</load_address>
         <run_address>0xfe4</run_address>
         <size>0x40</size>
         <input_file_ref idref="fl-18"/>
      </object_component>
      <object_component id="oc-40">
         <name>.debug_frame</name>
         <load_address>0x1024</load_address>
         <run_address>0x1024</run_address>
         <size>0x40</size>
         <input_file_ref idref="fl-19"/>
      </object_component>
      <object_component id="oc-47">
         <name>.debug_frame</name>
         <load_address>0x1064</load_address>
         <run_address>0x1064</run_address>
         <size>0x60</size>
         <input_file_ref idref="fl-1a"/>
      </object_component>
      <object_component id="oc-4c">
         <name>.debug_frame</name>
         <load_address>0x10c4</load_address>
         <run_address>0x10c4</run_address>
         <size>0x70</size>
         <input_file_ref idref="fl-1b"/>
      </object_component>
      <object_component id="oc-51">
         <name>.debug_frame</name>
         <load_address>0x1134</load_address>
         <run_address>0x1134</run_address>
         <size>0x40</size>
         <input_file_ref idref="fl-1c"/>
      </object_component>
      <object_component id="oc-56">
         <name>.debug_frame</name>
         <load_address>0x1174</load_address>
         <run_address>0x1174</run_address>
         <size>0x60</size>
         <input_file_ref idref="fl-1d"/>
      </object_component>
      <object_component id="oc-18">
         <name>.debug_line</name>
         <load_address>0x0</load_address>
         <run_address>0x0</run_address>
         <size>0x755</size>
         <input_file_ref idref="fl-2"/>
      </object_component>
      <object_component id="oc-1d">
         <name>.debug_line</name>
         <load_address>0x755</load_address>
         <run_address>0x755</run_address>
         <size>0x2f8</size>
         <input_file_ref idref="fl-3"/>
      </object_component>
      <object_component id="oc-22">
         <name>.debug_line</name>
         <load_address>0xa4d</load_address>
         <run_address>0xa4d</run_address>
         <size>0xe2</size>
         <input_file_ref idref="fl-4"/>
      </object_component>
      <object_component id="oc-27">
         <name>.debug_line</name>
         <load_address>0xb2f</load_address>
         <run_address>0xb2f</run_address>
         <size>0x785</size>
         <input_file_ref idref="fl-5"/>
      </object_component>
      <object_component id="oc-2d">
         <name>.debug_line</name>
         <load_address>0x12b4</load_address>
         <run_address>0x12b4</run_address>
         <size>0x7e</size>
         <input_file_ref idref="fl-15"/>
      </object_component>
      <object_component id="oc-32">
         <name>.debug_line</name>
         <load_address>0x1332</load_address>
         <run_address>0x1332</run_address>
         <size>0x50</size>
         <input_file_ref idref="fl-16"/>
      </object_component>
      <object_component id="oc-37">
         <name>.debug_line</name>
         <load_address>0x1382</load_address>
         <run_address>0x1382</run_address>
         <size>0x62</size>
         <input_file_ref idref="fl-17"/>
      </object_component>
      <object_component id="oc-3c">
         <name>.debug_line</name>
         <load_address>0x13e4</load_address>
         <run_address>0x13e4</run_address>
         <size>0x3e</size>
         <input_file_ref idref="fl-18"/>
      </object_component>
      <object_component id="oc-41">
         <name>.debug_line</name>
         <load_address>0x1422</load_address>
         <run_address>0x1422</run_address>
         <size>0x3a</size>
         <input_file_ref idref="fl-19"/>
      </object_component>
      <object_component id="oc-48">
         <name>.debug_line</name>
         <load_address>0x145c</load_address>
         <run_address>0x145c</run_address>
         <size>0x65</size>
         <input_file_ref idref="fl-1a"/>
      </object_component>
      <object_component id="oc-4d">
         <name>.debug_line</name>
         <load_address>0x14c1</load_address>
         <run_address>0x14c1</run_address>
         <size>0x5e</size>
         <input_file_ref idref="fl-1b"/>
      </object_component>
      <object_component id="oc-52">
         <name>.debug_line</name>
         <load_address>0x151f</load_address>
         <run_address>0x151f</run_address>
         <size>0x4f</size>
         <input_file_ref idref="fl-1c"/>
      </object_component>
      <object_component id="oc-57">
         <name>.debug_line</name>
         <load_address>0x156e</load_address>
         <run_address>0x156e</run_address>
         <size>0xdd</size>
         <input_file_ref idref="fl-1d"/>
      </object_component>
      <object_component id="oc-19">
         <name>.debug_abbrev</name>
         <load_address>0x0</load_address>
         <run_address>0x0</run_address>
         <size>0x16b</size>
         <input_file_ref idref="fl-2"/>
      </object_component>
      <object_component id="oc-1e">
         <name>.debug_abbrev</name>
         <load_address>0x16b</load_address>
         <run_address>0x16b</run_address>
         <size>0x16d</size>
         <input_file_ref idref="fl-3"/>
      </object_component>
      <object_component id="oc-23">
         <name>.debug_abbrev</name>
         <load_address>0x2d8</load_address>
         <run_address>0x2d8</run_address>
         <size>0x177</size>
         <input_file_ref idref="fl-4"/>
      </object_component>
      <object_component id="oc-28">
         <name>.debug_abbrev</name>
         <load_address>0x44f</load_address>
         <run_address>0x44f</run_address>
         <size>0x1a0</size>
         <input_file_ref idref="fl-5"/>
      </object_component>
      <object_component id="oc-2e">
         <name>.debug_abbrev</name>
         <load_address>0x5ef</load_address>
         <run_address>0x5ef</run_address>
         <size>0x46</size>
         <input_file_ref idref="fl-15"/>
      </object_component>
      <object_component id="oc-33">
         <name>.debug_abbrev</name>
         <load_address>0x635</load_address>
         <run_address>0x635</run_address>
         <size>0xe3</size>
         <input_file_ref idref="fl-16"/>
      </object_component>
      <object_component id="oc-38">
         <name>.debug_abbrev</name>
         <load_address>0x718</load_address>
         <run_address>0x718</run_address>
         <size>0xa8</size>
         <input_file_ref idref="fl-17"/>
      </object_component>
      <object_component id="oc-3d">
         <name>.debug_abbrev</name>
         <load_address>0x7c0</load_address>
         <run_address>0x7c0</run_address>
         <size>0x68</size>
         <input_file_ref idref="fl-18"/>
      </object_component>
      <object_component id="oc-42">
         <name>.debug_abbrev</name>
         <load_address>0x828</load_address>
         <run_address>0x828</run_address>
         <size>0x66</size>
         <input_file_ref idref="fl-19"/>
      </object_component>
      <object_component id="oc-49">
         <name>.debug_abbrev</name>
         <load_address>0x88e</load_address>
         <run_address>0x88e</run_address>
         <size>0x130</size>
         <input_file_ref idref="fl-1a"/>
      </object_component>
      <object_component id="oc-4e">
         <name>.debug_abbrev</name>
         <load_address>0x9be</load_address>
         <run_address>0x9be</run_address>
         <size>0xb2</size>
         <input_file_ref idref="fl-1b"/>
      </object_component>
      <object_component id="oc-53">
         <name>.debug_abbrev</name>
         <load_address>0xa70</load_address>
         <run_address>0xa70</run_address>
         <size>0xee</size>
         <input_file_ref idref="fl-1c"/>
      </object_component>
      <object_component id="oc-58">
         <name>.debug_abbrev</name>
         <load_address>0xb5e</load_address>
         <run_address>0xb5e</run_address>
         <size>0xc8</size>
         <input_file_ref idref="fl-1d"/>
      </object_component>
      <object_component id="oc-5d">
         <name>.debug_abbrev</name>
         <load_address>0xc26</load_address>
         <run_address>0xc26</run_address>
         <size>0x31</size>
         <input_file_ref idref="fl-1e"/>
      </object_component>
      <object_component id="oc-5f">
         <name>.debug_abbrev</name>
         <load_address>0xc57</load_address>
         <run_address>0xc57</run_address>
         <size>0x57</size>
         <input_file_ref idref="fl-1f"/>
      </object_component>
      <object_component id="oc-92">
         <name>.debug_abbrev</name>
         <load_address>0xcae</load_address>
         <run_address>0xcae</run_address>
         <size>0xf</size>
      </object_component>
      <object_component id="oc-1a">
         <name>.debug_aranges</name>
         <load_address>0x0</load_address>
         <run_address>0x0</run_address>
         <size>0x1f0</size>
         <input_file_ref idref="fl-2"/>
      </object_component>
      <object_component id="oc-1f">
         <name>.debug_aranges</name>
         <load_address>0x1f0</load_address>
         <run_address>0x1f0</run_address>
         <size>0x90</size>
         <input_file_ref idref="fl-3"/>
      </object_component>
      <object_component id="oc-24">
         <name>.debug_aranges</name>
         <load_address>0x280</load_address>
         <run_address>0x280</run_address>
         <size>0x30</size>
         <input_file_ref idref="fl-4"/>
      </object_component>
      <object_component id="oc-29">
         <name>.debug_aranges</name>
         <load_address>0x2b0</load_address>
         <run_address>0x2b0</run_address>
         <size>0x1e0</size>
         <input_file_ref idref="fl-5"/>
      </object_component>
      <object_component id="oc-2f">
         <name>.debug_aranges</name>
         <load_address>0x490</load_address>
         <run_address>0x490</run_address>
         <size>0x20</size>
         <input_file_ref idref="fl-15"/>
      </object_component>
      <object_component id="oc-34">
         <name>.debug_aranges</name>
         <load_address>0x4b0</load_address>
         <run_address>0x4b0</run_address>
         <size>0x20</size>
         <input_file_ref idref="fl-16"/>
      </object_component>
      <object_component id="oc-39">
         <name>.debug_aranges</name>
         <load_address>0x4d0</load_address>
         <run_address>0x4d0</run_address>
         <size>0x20</size>
         <input_file_ref idref="fl-17"/>
      </object_component>
      <object_component id="oc-3e">
         <name>.debug_aranges</name>
         <load_address>0x4f0</load_address>
         <run_address>0x4f0</run_address>
         <size>0x20</size>
         <input_file_ref idref="fl-18"/>
      </object_component>
      <object_component id="oc-43">
         <name>.debug_aranges</name>
         <load_address>0x510</load_address>
         <run_address>0x510</run_address>
         <size>0x20</size>
         <input_file_ref idref="fl-19"/>
      </object_component>
      <object_component id="oc-4a">
         <name>.debug_aranges</name>
         <load_address>0x530</load_address>
         <run_address>0x530</run_address>
         <size>0x28</size>
         <input_file_ref idref="fl-1a"/>
      </object_component>
      <object_component id="oc-4f">
         <name>.debug_aranges</name>
         <load_address>0x558</load_address>
         <run_address>0x558</run_address>
         <size>0x30</size>
         <input_file_ref idref="fl-1b"/>
      </object_component>
      <object_component id="oc-54">
         <name>.debug_aranges</name>
         <load_address>0x588</load_address>
         <run_address>0x588</run_address>
         <size>0x20</size>
         <input_file_ref idref="fl-1c"/>
      </object_component>
      <object_component id="oc-59">
         <name>.debug_aranges</name>
         <load_address>0x5a8</load_address>
         <run_address>0x5a8</run_address>
         <size>0x20</size>
         <input_file_ref idref="fl-1d"/>
      </object_component>
   </object_component_list>
   <logical_group_list>
      <logical_group id="lg-2" display="no" color="cyan">
         <name>codestart</name>
         <run_address>0x0</run_address>
         <size>0x0</size>
         <contents>
         </contents>
      </logical_group>
      <logical_group id="lg-3" display="no" color="cyan">
         <name>.TI.ramfunc</name>
         <run_address>0x0</run_address>
         <size>0x0</size>
         <contents>
         </contents>
      </logical_group>
      <logical_group id="lg-4" display="no" color="cyan">
         <name>.text</name>
         <load_address>0x8000</load_address>
         <run_address>0x8000</run_address>
         <size>0xad2</size>
         <contents>
            <object_component_ref idref="oc-6a"/>
            <object_component_ref idref="oc-6b"/>
            <object_component_ref idref="oc-69"/>
            <object_component_ref idref="oc-6d"/>
            <object_component_ref idref="oc-66"/>
            <object_component_ref idref="oc-15"/>
            <object_component_ref idref="oc-64"/>
            <object_component_ref idref="oc-61"/>
            <object_component_ref idref="oc-65"/>
            <object_component_ref idref="oc-63"/>
            <object_component_ref idref="oc-6e"/>
            <object_component_ref idref="oc-60"/>
            <object_component_ref idref="oc-62"/>
         </contents>
      </logical_group>
      <logical_group id="lg-5" display="no" color="cyan">
         <name>.cinit</name>
         <load_address>0x50</load_address>
         <run_address>0x50</run_address>
         <size>0x1e</size>
         <contents>
            <object_component_ref idref="oc-45"/>
            <object_component_ref idref="oc-68"/>
            <object_component_ref idref="oc-6f"/>
            <object_component_ref idref="oc-5b"/>
         </contents>
      </logical_group>
      <logical_group id="lg-6" display="no" color="cyan">
         <name>.pinit</name>
         <run_address>0x0</run_address>
         <size>0x0</size>
         <contents>
         </contents>
      </logical_group>
      <logical_group id="lg-7" display="no" color="cyan">
         <name>.switch</name>
         <run_address>0x0</run_address>
         <size>0x0</size>
         <contents>
         </contents>
      </logical_group>
      <logical_group id="lg-8" display="no" color="cyan">
         <name>.reset</name>
         <load_address>0x3fffc0</load_address>
         <run_address>0x3fffc0</run_address>
         <size>0x2</size>
         <contents>
            <object_component_ref idref="oc-2b"/>
         </contents>
      </logical_group>
      <logical_group id="lg-9" display="no" color="cyan">
         <name>.stack</name>
         <run_address>0x400</run_address>
         <size>0x400</size>
         <contents>
            <object_component_ref idref="oc-2a"/>
            <object_component_ref idref="oc-90"/>
         </contents>
      </logical_group>
      <logical_group id="lg-a" display="no" color="cyan">
         <name>.ebss</name>
         <run_address>0xa120</run_address>
         <size>0xb</size>
         <contents>
            <object_component_ref idref="oc-46"/>
            <object_component_ref idref="oc-67"/>
            <object_component_ref idref="oc-71"/>
            <object_component_ref idref="oc-5c"/>
         </contents>
      </logical_group>
      <logical_group id="lg-b" display="no" color="cyan">
         <name>.econst</name>
         <load_address>0xa000</load_address>
         <run_address>0xa000</run_address>
         <size>0x11f</size>
         <contents>
            <object_component_ref idref="oc-70"/>
            <object_component_ref idref="oc-6c"/>
         </contents>
      </logical_group>
      <logical_group id="lg-c" display="no" color="cyan">
         <name>.esysmem</name>
         <run_address>0x0</run_address>
         <size>0x0</size>
         <contents>
         </contents>
      </logical_group>
      <logical_group id="lg-d" display="no" color="cyan">
         <name>IQmath</name>
         <run_address>0x0</run_address>
         <size>0x0</size>
         <contents>
         </contents>
      </logical_group>
      <logical_group id="lg-e" display="no" color="cyan">
         <name>IQmathTables</name>
         <run_address>0x0</run_address>
         <size>0x0</size>
         <contents>
         </contents>
      </logical_group>
      <logical_group id="lg-f" display="no" color="cyan">
         <name>FPUmathTables</name>
         <run_address>0x0</run_address>
         <size>0x0</size>
         <contents>
         </contents>
      </logical_group>
      <logical_group id="lg-10" display="no" color="cyan">
         <name>DMARAML5</name>
         <run_address>0x0</run_address>
         <size>0x0</size>
         <contents>
         </contents>
      </logical_group>
      <logical_group id="lg-11" display="no" color="cyan">
         <name>DMARAML6</name>
         <run_address>0x0</run_address>
         <size>0x0</size>
         <contents>
         </contents>
      </logical_group>
      <logical_group id="lg-12" display="no" color="cyan">
         <name>DMARAML7</name>
         <run_address>0x0</run_address>
         <size>0x0</size>
         <contents>
         </contents>
      </logical_group>
      <logical_group id="lg-13" display="no" color="cyan">
         <name>DMARAML8</name>
         <run_address>0x0</run_address>
         <size>0x0</size>
         <contents>
         </contents>
      </logical_group>
      <logical_group id="lg-84" display="never" color="cyan">
         <name>.debug_info</name>
         <load_address>0x0</load_address>
         <run_address>0x0</run_address>
         <size>0xee4d</size>
         <contents>
            <object_component_ref idref="oc-16"/>
            <object_component_ref idref="oc-1b"/>
            <object_component_ref idref="oc-20"/>
            <object_component_ref idref="oc-25"/>
            <object_component_ref idref="oc-2c"/>
            <object_component_ref idref="oc-30"/>
            <object_component_ref idref="oc-35"/>
            <object_component_ref idref="oc-3a"/>
            <object_component_ref idref="oc-3f"/>
            <object_component_ref idref="oc-44"/>
            <object_component_ref idref="oc-4b"/>
            <object_component_ref idref="oc-50"/>
            <object_component_ref idref="oc-55"/>
            <object_component_ref idref="oc-5a"/>
            <object_component_ref idref="oc-5e"/>
            <object_component_ref idref="oc-91"/>
         </contents>
      </logical_group>
      <logical_group id="lg-86" display="never" color="cyan">
         <name>.debug_frame</name>
         <load_address>0x0</load_address>
         <run_address>0x0</run_address>
         <size>0x11d4</size>
         <contents>
            <object_component_ref idref="oc-17"/>
            <object_component_ref idref="oc-1c"/>
            <object_component_ref idref="oc-21"/>
            <object_component_ref idref="oc-26"/>
            <object_component_ref idref="oc-31"/>
            <object_component_ref idref="oc-36"/>
            <object_component_ref idref="oc-3b"/>
            <object_component_ref idref="oc-40"/>
            <object_component_ref idref="oc-47"/>
            <object_component_ref idref="oc-4c"/>
            <object_component_ref idref="oc-51"/>
            <object_component_ref idref="oc-56"/>
         </contents>
      </logical_group>
      <logical_group id="lg-88" display="never" color="cyan">
         <name>.debug_line</name>
         <load_address>0x0</load_address>
         <run_address>0x0</run_address>
         <size>0x164b</size>
         <contents>
            <object_component_ref idref="oc-18"/>
            <object_component_ref idref="oc-1d"/>
            <object_component_ref idref="oc-22"/>
            <object_component_ref idref="oc-27"/>
            <object_component_ref idref="oc-2d"/>
            <object_component_ref idref="oc-32"/>
            <object_component_ref idref="oc-37"/>
            <object_component_ref idref="oc-3c"/>
            <object_component_ref idref="oc-41"/>
            <object_component_ref idref="oc-48"/>
            <object_component_ref idref="oc-4d"/>
            <object_component_ref idref="oc-52"/>
            <object_component_ref idref="oc-57"/>
         </contents>
      </logical_group>
      <logical_group id="lg-8a" display="never" color="cyan">
         <name>.debug_abbrev</name>
         <load_address>0x0</load_address>
         <run_address>0x0</run_address>
         <size>0xcbd</size>
         <contents>
            <object_component_ref idref="oc-19"/>
            <object_component_ref idref="oc-1e"/>
            <object_component_ref idref="oc-23"/>
            <object_component_ref idref="oc-28"/>
            <object_component_ref idref="oc-2e"/>
            <object_component_ref idref="oc-33"/>
            <object_component_ref idref="oc-38"/>
            <object_component_ref idref="oc-3d"/>
            <object_component_ref idref="oc-42"/>
            <object_component_ref idref="oc-49"/>
            <object_component_ref idref="oc-4e"/>
            <object_component_ref idref="oc-53"/>
            <object_component_ref idref="oc-58"/>
            <object_component_ref idref="oc-5d"/>
            <object_component_ref idref="oc-5f"/>
            <object_component_ref idref="oc-92"/>
         </contents>
      </logical_group>
      <logical_group id="lg-8c" display="never" color="cyan">
         <name>.debug_aranges</name>
         <load_address>0x0</load_address>
         <run_address>0x0</run_address>
         <size>0x5c8</size>
         <contents>
            <object_component_ref idref="oc-1a"/>
            <object_component_ref idref="oc-1f"/>
            <object_component_ref idref="oc-24"/>
            <object_component_ref idref="oc-29"/>
            <object_component_ref idref="oc-2f"/>
            <object_component_ref idref="oc-34"/>
            <object_component_ref idref="oc-39"/>
            <object_component_ref idref="oc-3e"/>
            <object_component_ref idref="oc-43"/>
            <object_component_ref idref="oc-4a"/>
            <object_component_ref idref="oc-4f"/>
            <object_component_ref idref="oc-54"/>
            <object_component_ref idref="oc-59"/>
         </contents>
      </logical_group>
   </logical_group_list>
   <placement_map>
      <memory_area display="no" color="green">
         <name>BEGIN</name>
         <page_id>0x0</page_id>
         <origin>0x0</origin>
         <length>0x2</length>
         <used_space>0x0</used_space>
         <unused_space>0x2</unused_space>
         <attributes>RWIX</attributes>
         <usage_details>
         </usage_details>
      </memory_area>
      <memory_area display="yes" color="green">
         <name>RAMM0</name>
         <page_id>0x0</page_id>
         <origin>0x50</origin>
         <length>0x3b0</length>
         <used_space>0x1e</used_space>
         <unused_space>0x392</unused_space>
         <attributes>RWIX</attributes>
         <usage_details>
            <allocated_space>
               <start_address>0x50</start_address>
               <size>0x1e</size>
               <logical_group_ref idref="lg-5"/>
            </allocated_space>
            <available_space>
               <start_address>0x6e</start_address>
               <size>0x392</size>
            </available_space>
         </usage_details>
      </memory_area>
      <memory_area display="yes" color="green">
         <name>RAML0_L3</name>
         <page_id>0x0</page_id>
         <origin>0x8000</origin>
         <length>0x2000</length>
         <used_space>0xad2</used_space>
         <unused_space>0x152e</unused_space>
         <attributes>RWIX</attributes>
         <usage_details>
            <allocated_space>
               <start_address>0x8000</start_address>
               <size>0xad2</size>
               <logical_group_ref idref="lg-4"/>
            </allocated_space>
            <available_space>
               <start_address>0x8ad2</start_address>
               <size>0x152e</size>
            </available_space>
         </usage_details>
      </memory_area>
      <memory_area display="yes" color="green">
         <name>FPUTABLES</name>
         <page_id>0x0</page_id>
         <origin>0x3fd860</origin>
         <length>0x6a0</length>
         <used_space>0x0</used_space>
         <unused_space>0x6a0</unused_space>
         <attributes>RWIX</attributes>
         <usage_details>
         </usage_details>
      </memory_area>
      <memory_area display="yes" color="green">
         <name>IQTABLES</name>
         <page_id>0x0</page_id>
         <origin>0x3fdf00</origin>
         <length>0xb50</length>
         <used_space>0x0</used_space>
         <unused_space>0xb50</unused_space>
         <attributes>RWIX</attributes>
         <usage_details>
         </usage_details>
      </memory_area>
      <memory_area display="yes" color="green">
         <name>IQTABLES2</name>
         <page_id>0x0</page_id>
         <origin>0x3fea50</origin>
         <length>0x8c</length>
         <used_space>0x0</used_space>
         <unused_space>0x8c</unused_space>
         <attributes>RWIX</attributes>
         <usage_details>
         </usage_details>
      </memory_area>
      <memory_area display="yes" color="green">
         <name>IQTABLES3</name>
         <page_id>0x0</page_id>
         <origin>0x3feadc</origin>
         <length>0xaa</length>
         <used_space>0x0</used_space>
         <unused_space>0xaa</unused_space>
         <attributes>RWIX</attributes>
         <usage_details>
         </usage_details>
      </memory_area>
      <memory_area display="yes" color="green">
         <name>BOOTROM</name>
         <page_id>0x0</page_id>
         <origin>0x3ff3b0</origin>
         <length>0xc10</length>
         <used_space>0x0</used_space>
         <unused_space>0xc10</unused_space>
         <attributes>RWIX</attributes>
         <usage_details>
         </usage_details>
      </memory_area>
      <memory_area display="no" color="green">
         <name>RESET</name>
         <page_id>0x0</page_id>
         <origin>0x3fffc0</origin>
         <length>0x2</length>
         <used_space>0x0</used_space>
         <unused_space>0x2</unused_space>
         <attributes>RWIX</attributes>
         <usage_details>
         </usage_details>
      </memory_area>
      <memory_area display="no" color="green">
         <name>BOOT_RSVD</name>
         <page_id>0x1</page_id>
         <origin>0x2</origin>
         <length>0x4e</length>
         <used_space>0x0</used_space>
         <unused_space>0x4e</unused_space>
         <attributes>RWIX</attributes>
         <usage_details>
         </usage_details>
      </memory_area>
      <memory_area display="yes" color="green">
         <name>RAMM1</name>
         <page_id>0x1</page_id>
         <origin>0x400</origin>
         <length>0x400</length>
         <used_space>0x400</used_space>
         <unused_space>0x0</unused_space>
         <attributes>RWIX</attributes>
         <usage_details>
            <allocated_space>
               <start_address>0x400</start_address>
               <size>0x400</size>
               <logical_group_ref idref="lg-9"/>
            </allocated_space>
         </usage_details>
      </memory_area>
      <memory_area display="yes" color="green">
         <name>RAML4</name>
         <page_id>0x1</page_id>
         <origin>0xa000</origin>
         <length>0x2000</length>
         <used_space>0x12a</used_space>
         <unused_space>0x1ed6</unused_space>
         <attributes>RWIX</attributes>
         <usage_details>
            <allocated_space>
               <start_address>0xa000</start_address>
               <size>0x11f</size>
               <logical_group_ref idref="lg-b"/>
            </allocated_space>
            <available_space>
               <start_address>0xa11f</start_address>
               <size>0x1</size>
            </available_space>
            <allocated_space>
               <start_address>0xa120</start_address>
               <size>0xb</size>
               <logical_group_ref idref="lg-a"/>
            </allocated_space>
            <available_space>
               <start_address>0xa12b</start_address>
               <size>0x1ed5</size>
            </available_space>
         </usage_details>
      </memory_area>
      <memory_area display="yes" color="green">
         <name>RAML5</name>
         <page_id>0x1</page_id>
         <origin>0xc000</origin>
         <length>0x2000</length>
         <used_space>0x0</used_space>
         <unused_space>0x2000</unused_space>
         <attributes>RWIX</attributes>
         <usage_details>
         </usage_details>
      </memory_area>
      <memory_area display="yes" color="green">
         <name>RAML6</name>
         <page_id>0x1</page_id>
         <origin>0xe000</origin>
         <length>0x2000</length>
         <used_space>0x0</used_space>
         <unused_space>0x2000</unused_space>
         <attributes>RWIX</attributes>
         <usage_details>
         </usage_details>
      </memory_area>
      <memory_area display="yes" color="green">
         <name>RAML7</name>
         <page_id>0x1</page_id>
         <origin>0x10000</origin>
         <length>0x2000</length>
         <used_space>0x0</used_space>
         <unused_space>0x2000</unused_space>
         <attributes>RWIX</attributes>
         <usage_details>
         </usage_details>
      </memory_area>
      <memory_area display="yes" color="green">
         <name>RAML8</name>
         <page_id>0x1</page_id>
         <origin>0x12000</origin>
         <length>0x2000</length>
         <used_space>0x0</used_space>
         <unused_space>0x2000</unused_space>
         <attributes>RWIX</attributes>
         <usage_details>
         </usage_details>
      </memory_area>
      <memory_area display="yes" color="green">
         <name>USB_RAM</name>
         <page_id>0x1</page_id>
         <origin>0x40000</origin>
         <length>0x800</length>
         <used_space>0x0</used_space>
         <unused_space>0x800</unused_space>
         <attributes>RWIX</attributes>
         <usage_details>
         </usage_details>
      </memory_area>
   </placement_map>
   <symbol_table>
      <symbol id="sm-0">
         <name>cinit</name>
         <value>0x50</value>
      </symbol>
      <symbol id="sm-1">
         <name>___cinit__</name>
         <value>0x50</value>
      </symbol>
      <symbol id="sm-2">
         <name>pinit</name>
         <value>0xffffffff</value>
      </symbol>
      <symbol id="sm-3">
         <name>___pinit__</name>
         <value>0xffffffff</value>
      </symbol>
      <symbol id="sm-4">
         <name>binit</name>
         <value>0xffffffff</value>
      </symbol>
      <symbol id="sm-5">
         <name>___binit__</name>
         <value>0xffffffff</value>
      </symbol>
      <symbol id="sm-6">
         <name>__STACK_SIZE</name>
         <value>0x400</value>
      </symbol>
      <symbol id="sm-7">
         <name>__STACK_END</name>
         <value>0x800</value>
      </symbol>
      <symbol id="sm-8">
         <name>___c_args__</name>
         <value>0xffffffff</value>
      </symbol>
      <symbol id="sm-9">
         <name>.text</name>
         <value>0x8000</value>
      </symbol>
      <symbol id="sm-a">
         <name>___text__</name>
         <value>0x8000</value>
      </symbol>
      <symbol id="sm-b">
         <name>etext</name>
         <value>0x8ad2</value>
      </symbol>
      <symbol id="sm-c">
         <name>___etext__</name>
         <value>0x8ad2</value>
      </symbol>
      <symbol id="sm-d">
         <name>___TI_pprof_out_hndl</name>
         <value>0xffffffff</value>
      </symbol>
      <symbol id="sm-e">
         <name>___TI_prof_data_start</name>
         <value>0xffffffff</value>
      </symbol>
      <symbol id="sm-f">
         <name>___TI_prof_data_size</name>
         <value>0xffffffff</value>
      </symbol>
      <symbol id="sm-4b">
         <name>_CLK_enableLinAClock</name>
         <value>0x81fd</value>
         <object_component_ref idref="oc-6a"/>
      </symbol>
      <symbol id="sm-4d">
         <name>_CLK_enablePwmClock</name>
         <value>0x8237</value>
         <object_component_ref idref="oc-6a"/>
      </symbol>
      <symbol id="sm-4f">
         <name>_CLK_enableSpiaClock</name>
         <value>0x8264</value>
         <object_component_ref idref="oc-6a"/>
      </symbol>
      <symbol id="sm-51">
         <name>_CLK_enableSpibClock</name>
         <value>0x8272</value>
         <object_component_ref idref="oc-6a"/>
      </symbol>
      <symbol id="sm-53">
         <name>_CLK_enableOsc1HaltMode</name>
         <value>0x8216</value>
         <object_component_ref idref="oc-6a"/>
      </symbol>
      <symbol id="sm-55">
         <name>_CLK_enableHrPwmClock</name>
         <value>0x81e1</value>
         <object_component_ref idref="oc-6a"/>
      </symbol>
      <symbol id="sm-57">
         <name>_CLK_enableClaClock</name>
         <value>0x8159</value>
         <object_component_ref idref="oc-6a"/>
      </symbol>
      <symbol id="sm-59">
         <name>_CLK_disableCrystalOsc</name>
         <value>0x8044</value>
         <object_component_ref idref="oc-6a"/>
      </symbol>
      <symbol id="sm-5b">
         <name>_CLK_enableAdcClock</name>
         <value>0x814b</value>
         <object_component_ref idref="oc-6a"/>
      </symbol>
      <symbol id="sm-5d">
         <name>_CLK_disableGpioInputClock</name>
         <value>0x8087</value>
         <object_component_ref idref="oc-6a"/>
      </symbol>
      <symbol id="sm-5f">
         <name>_CLK_disableAdcClock</name>
         <value>0x8000</value>
         <object_component_ref idref="oc-6a"/>
      </symbol>
      <symbol id="sm-61">
         <name>_CLK_enableEqep2Clock</name>
         <value>0x81ac</value>
         <object_component_ref idref="oc-6a"/>
      </symbol>
      <symbol id="sm-63">
         <name>_CLK_enableEqep1Clock</name>
         <value>0x819e</value>
         <object_component_ref idref="oc-6a"/>
      </symbol>
      <symbol id="sm-65">
         <name>_CLK_disableEcanaClock</name>
         <value>0x804f</value>
         <object_component_ref idref="oc-6a"/>
      </symbol>
      <symbol id="sm-67">
         <name>_CLK_disableClaClock</name>
         <value>0x800e</value>
         <object_component_ref idref="oc-6a"/>
      </symbol>
      <symbol id="sm-69">
         <name>_CLK_enableWatchDogHaltMode</name>
         <value>0x828e</value>
         <object_component_ref idref="oc-6a"/>
      </symbol>
      <symbol id="sm-6b">
         <name>_CLK_disableOsc2</name>
         <value>0x80d5</value>
         <object_component_ref idref="oc-6a"/>
      </symbol>
      <symbol id="sm-6d">
         <name>_CLK_disableOsc1</name>
         <value>0x80bf</value>
         <object_component_ref idref="oc-6a"/>
      </symbol>
      <symbol id="sm-6f">
         <name>_CLK_setTimer2Src</name>
         <value>0x82ff</value>
         <object_component_ref idref="oc-6a"/>
      </symbol>
      <symbol id="sm-71">
         <name>_CLK_enableTbClockSync</name>
         <value>0x8280</value>
         <object_component_ref idref="oc-6a"/>
      </symbol>
      <symbol id="sm-73">
         <name>_CLK_disableScibClock</name>
         <value>0x810b</value>
         <object_component_ref idref="oc-6a"/>
      </symbol>
      <symbol id="sm-75">
         <name>_CLK_disableSciaClock</name>
         <value>0x80fd</value>
         <object_component_ref idref="oc-6a"/>
      </symbol>
      <symbol id="sm-77">
         <name>_CLK_disableOsc2HaltMode</name>
         <value>0x80e0</value>
         <object_component_ref idref="oc-6a"/>
      </symbol>
      <symbol id="sm-79">
         <name>_CLK_enableCompClock</name>
         <value>0x8167</value>
         <object_component_ref idref="oc-6a"/>
      </symbol>
      <symbol id="sm-7b">
         <name>_CLK_enableCpuTimerClock</name>
         <value>0x8176</value>
         <object_component_ref idref="oc-6a"/>
      </symbol>
      <symbol id="sm-7d">
         <name>_CLK_disableTbClockSync</name>
         <value>0x8132</value>
         <object_component_ref idref="oc-6a"/>
      </symbol>
      <symbol id="sm-7f">
         <name>_CLK_disableCompClock</name>
         <value>0x8027</value>
         <object_component_ref idref="oc-6a"/>
      </symbol>
      <symbol id="sm-81">
         <name>_CLK_enableEcap1Clock</name>
         <value>0x81ba</value>
         <object_component_ref idref="oc-6a"/>
      </symbol>
      <symbol id="sm-83">
         <name>_CLK_enableSciaClock</name>
         <value>0x8248</value>
         <object_component_ref idref="oc-6a"/>
      </symbol>
      <symbol id="sm-85">
         <name>_CLK_enableScibClock</name>
         <value>0x8256</value>
         <object_component_ref idref="oc-6a"/>
      </symbol>
      <symbol id="sm-87">
         <name>_CLK_setWatchDogSrc</name>
         <value>0x830e</value>
         <object_component_ref idref="oc-6a"/>
      </symbol>
      <symbol id="sm-89">
         <name>_CLK_disablePwmClock</name>
         <value>0x80eb</value>
         <object_component_ref idref="oc-6a"/>
      </symbol>
      <symbol id="sm-8b">
         <name>_CLK_enableOsc2HaltMode</name>
         <value>0x822c</value>
         <object_component_ref idref="oc-6a"/>
      </symbol>
      <symbol id="sm-8d">
         <name>_CLK_setOscSrc</name>
         <value>0x82c3</value>
         <object_component_ref idref="oc-6a"/>
      </symbol>
      <symbol id="sm-8f">
         <name>_CLK_setTimer2PreScale</name>
         <value>0x82f0</value>
         <object_component_ref idref="oc-6a"/>
      </symbol>
      <symbol id="sm-91">
         <name>_CLK_setXClkInSrc</name>
         <value>0x82e1</value>
         <object_component_ref idref="oc-6a"/>
      </symbol>
      <symbol id="sm-93">
         <name>_CLK_enableI2cClock</name>
         <value>0x81ef</value>
         <object_component_ref idref="oc-6a"/>
      </symbol>
      <symbol id="sm-95">
         <name>_CLK_setOsc2Src</name>
         <value>0x82d2</value>
         <object_component_ref idref="oc-6a"/>
      </symbol>
      <symbol id="sm-97">
         <name>_CLK_enableOsc1</name>
         <value>0x820b</value>
         <object_component_ref idref="oc-6a"/>
      </symbol>
      <symbol id="sm-99">
         <name>_CLK_enableOsc2</name>
         <value>0x8221</value>
         <object_component_ref idref="oc-6a"/>
      </symbol>
      <symbol id="sm-9b">
         <name>_CLK_disableCpuTimerClock</name>
         <value>0x8034</value>
         <object_component_ref idref="oc-6a"/>
      </symbol>
      <symbol id="sm-9d">
         <name>_CLK_setLowSpdPreScaler</name>
         <value>0x82b4</value>
         <object_component_ref idref="oc-6a"/>
      </symbol>
      <symbol id="sm-9f">
         <name>_CLK_disableEqep1Clock</name>
         <value>0x806b</value>
         <object_component_ref idref="oc-6a"/>
      </symbol>
      <symbol id="sm-a1">
         <name>_CLK_disableI2cClock</name>
         <value>0x80a3</value>
         <object_component_ref idref="oc-6a"/>
      </symbol>
      <symbol id="sm-a3">
         <name>_CLK_disableEqep2Clock</name>
         <value>0x8079</value>
         <object_component_ref idref="oc-6a"/>
      </symbol>
      <symbol id="sm-a5">
         <name>_CLK_disableOsc1HaltMode</name>
         <value>0x80ca</value>
         <object_component_ref idref="oc-6a"/>
      </symbol>
      <symbol id="sm-a7">
         <name>_CLK_enableClkIn</name>
         <value>0x81c8</value>
         <object_component_ref idref="oc-6a"/>
      </symbol>
      <symbol id="sm-a9">
         <name>_CLK_setClkOutPreScaler</name>
         <value>0x82a5</value>
         <object_component_ref idref="oc-6a"/>
      </symbol>
      <symbol id="sm-ab">
         <name>_CLK_disableLinAClock</name>
         <value>0x80b1</value>
         <object_component_ref idref="oc-6a"/>
      </symbol>
      <symbol id="sm-ad">
         <name>_CLK_disableWatchDogHaltMode</name>
         <value>0x8140</value>
         <object_component_ref idref="oc-6a"/>
      </symbol>
      <symbol id="sm-af">
         <name>_CLK_disableEcap1Clock</name>
         <value>0x805d</value>
         <object_component_ref idref="oc-6a"/>
      </symbol>
      <symbol id="sm-b1">
         <name>_CLK_enableGpioInputClock</name>
         <value>0x81d3</value>
         <object_component_ref idref="oc-6a"/>
      </symbol>
      <symbol id="sm-b3">
         <name>_CLK_enableCrystalOsc</name>
         <value>0x8185</value>
         <object_component_ref idref="oc-6a"/>
      </symbol>
      <symbol id="sm-b5">
         <name>_CLK_enableEcanaClock</name>
         <value>0x8190</value>
         <object_component_ref idref="oc-6a"/>
      </symbol>
      <symbol id="sm-b7">
         <name>_CLK_disableClkIn</name>
         <value>0x801c</value>
         <object_component_ref idref="oc-6a"/>
      </symbol>
      <symbol id="sm-b9">
         <name>_CLK_disableHrPwmClock</name>
         <value>0x8095</value>
         <object_component_ref idref="oc-6a"/>
      </symbol>
      <symbol id="sm-bb">
         <name>_CLK_init</name>
         <value>0x8299</value>
         <object_component_ref idref="oc-6a"/>
      </symbol>
      <symbol id="sm-bd">
         <name>_CLK_disableSpibClock</name>
         <value>0x8127</value>
         <object_component_ref idref="oc-6a"/>
      </symbol>
      <symbol id="sm-bf">
         <name>_CLK_disableSpiaClock</name>
         <value>0x8119</value>
         <object_component_ref idref="oc-6a"/>
      </symbol>
      <symbol id="sm-f5">
         <name>_GPIO_setExtInt</name>
         <value>0x83cc</value>
         <object_component_ref idref="oc-6b"/>
      </symbol>
      <symbol id="sm-f7">
         <name>_GPIO_getPortData</name>
         <value>0x8340</value>
         <object_component_ref idref="oc-6b"/>
      </symbol>
      <symbol id="sm-f9">
         <name>_GPIO_lpmSelect</name>
         <value>0x861f</value>
         <object_component_ref idref="oc-6b"/>
      </symbol>
      <symbol id="sm-fb">
         <name>_GPIO_setLow</name>
         <value>0x842b</value>
         <object_component_ref idref="oc-6b"/>
      </symbol>
      <symbol id="sm-fd">
         <name>_GPIO_getData</name>
         <value>0x831d</value>
         <object_component_ref idref="oc-6b"/>
      </symbol>
      <symbol id="sm-ff">
         <name>_GPIO_setQualificationPeriod</name>
         <value>0x8565</value>
         <object_component_ref idref="oc-6b"/>
      </symbol>
      <symbol id="sm-101">
         <name>_GPIO_toggle</name>
         <value>0x85ff</value>
         <object_component_ref idref="oc-6b"/>
      </symbol>
      <symbol id="sm-103">
         <name>_GPIO_setQualification</name>
         <value>0x84d6</value>
         <object_component_ref idref="oc-6b"/>
      </symbol>
      <symbol id="sm-105">
         <name>_GPIO_setMode</name>
         <value>0x844b</value>
         <object_component_ref idref="oc-6b"/>
      </symbol>
      <symbol id="sm-107">
         <name>_GPIO_init</name>
         <value>0x8356</value>
         <object_component_ref idref="oc-6b"/>
      </symbol>
      <symbol id="sm-109">
         <name>_GPIO_read</name>
         <value>0x83de</value>
         <object_component_ref idref="oc-6b"/>
      </symbol>
      <symbol id="sm-10b">
         <name>_GPIO_setDirection</name>
         <value>0x8397</value>
         <object_component_ref idref="oc-6b"/>
      </symbol>
      <symbol id="sm-10d">
         <name>_GPIO_setHigh</name>
         <value>0x840b</value>
         <object_component_ref idref="oc-6b"/>
      </symbol>
      <symbol id="sm-10f">
         <name>_GPIO_setPullup</name>
         <value>0x8362</value>
         <object_component_ref idref="oc-6b"/>
      </symbol>
      <symbol id="sm-111">
         <name>_GPIO_setPortData</name>
         <value>0x84bc</value>
         <object_component_ref idref="oc-6b"/>
      </symbol>
      <symbol id="sm-123">
         <name>_main</name>
         <value>0x8999</value>
         <object_component_ref idref="oc-66"/>
      </symbol>
      <symbol id="sm-125">
         <name>_setupSciA</name>
         <value>0x89d2</value>
         <object_component_ref idref="oc-66"/>
      </symbol>
      <symbol id="sm-140">
         <name>_SCI_getDataBlocking</name>
         <value>0x8796</value>
         <object_component_ref idref="oc-69"/>
      </symbol>
      <symbol id="sm-142">
         <name>_SCI_enableSleep</name>
         <value>0x873f</value>
         <object_component_ref idref="oc-69"/>
      </symbol>
      <symbol id="sm-144">
         <name>_SCI_disable</name>
         <value>0x867d</value>
         <object_component_ref idref="oc-69"/>
      </symbol>
      <symbol id="sm-146">
         <name>_SCI_disableTxWake</name>
         <value>0x86f1</value>
         <object_component_ref idref="oc-69"/>
      </symbol>
      <symbol id="sm-148">
         <name>_SCI_enableRxFifoInt</name>
         <value>0x8752</value>
         <object_component_ref idref="oc-69"/>
      </symbol>
      <symbol id="sm-14a">
         <name>_SCI_setNumStopBits</name>
         <value>0x8863</value>
         <object_component_ref idref="oc-69"/>
      </symbol>
      <symbol id="sm-14c">
         <name>_SCI_enableRxErrorInt</name>
         <value>0x872f</value>
         <object_component_ref idref="oc-69"/>
      </symbol>
      <symbol id="sm-14e">
         <name>_SCI_putDataBlocking</name>
         <value>0x87db</value>
         <object_component_ref idref="oc-69"/>
      </symbol>
      <symbol id="sm-150">
         <name>_SCI_disableTxInt</name>
         <value>0x86e9</value>
         <object_component_ref idref="oc-69"/>
      </symbol>
      <symbol id="sm-152">
         <name>_SCI_enableLoopBack</name>
         <value>0x8717</value>
         <object_component_ref idref="oc-69"/>
      </symbol>
      <symbol id="sm-154">
         <name>_SCI_clearRxFifoInt</name>
         <value>0x8667</value>
         <object_component_ref idref="oc-69"/>
      </symbol>
      <symbol id="sm-156">
         <name>_SCI_getDataNonBlocking</name>
         <value>0x87a3</value>
         <object_component_ref idref="oc-69"/>
      </symbol>
      <symbol id="sm-158">
         <name>_SCI_setMode</name>
         <value>0x8857</value>
         <object_component_ref idref="oc-69"/>
      </symbol>
      <symbol id="sm-15a">
         <name>_SCI_disableTxFifoEnh</name>
         <value>0x86d3</value>
         <object_component_ref idref="oc-69"/>
      </symbol>
      <symbol id="sm-15c">
         <name>_SCI_enableTxWake</name>
         <value>0x878e</value>
         <object_component_ref idref="oc-69"/>
      </symbol>
      <symbol id="sm-15e">
         <name>_SCI_clearRxFifoOvf</name>
         <value>0x865c</value>
         <object_component_ref idref="oc-69"/>
      </symbol>
      <symbol id="sm-160">
         <name>_SCI_init</name>
         <value>0x87cf</value>
         <object_component_ref idref="oc-69"/>
      </symbol>
      <symbol id="sm-162">
         <name>_SCI_disableTxFifoInt</name>
         <value>0x86de</value>
         <object_component_ref idref="oc-69"/>
      </symbol>
      <symbol id="sm-164">
         <name>_SCI_setParity</name>
         <value>0x887b</value>
         <object_component_ref idref="oc-69"/>
      </symbol>
      <symbol id="sm-166">
         <name>_SCI_setTxDelay</name>
         <value>0x8887</value>
         <object_component_ref idref="oc-69"/>
      </symbol>
      <symbol id="sm-168">
         <name>_SCI_resetChannels</name>
         <value>0x8807</value>
         <object_component_ref idref="oc-69"/>
      </symbol>
      <symbol id="sm-16a">
         <name>_SCI_disableRxErrorInt</name>
         <value>0x86a8</value>
         <object_component_ref idref="oc-69"/>
      </symbol>
      <symbol id="sm-16c">
         <name>_SCI_enableTxFifoInt</name>
         <value>0x877b</value>
         <object_component_ref idref="oc-69"/>
      </symbol>
      <symbol id="sm-16e">
         <name>_SCI_enableParity</name>
         <value>0x871f</value>
         <object_component_ref idref="oc-69"/>
      </symbol>
      <symbol id="sm-170">
         <name>_SCI_enableTxInt</name>
         <value>0x8786</value>
         <object_component_ref idref="oc-69"/>
      </symbol>
      <symbol id="sm-172">
         <name>_SCI_disableAutoBaudAlign</name>
         <value>0x8685</value>
         <object_component_ref idref="oc-69"/>
      </symbol>
      <symbol id="sm-174">
         <name>_SCI_disableSleep</name>
         <value>0x86c3</value>
         <object_component_ref idref="oc-69"/>
      </symbol>
      <symbol id="sm-176">
         <name>_SCI_putDataNonBlocking</name>
         <value>0x87ec</value>
         <object_component_ref idref="oc-69"/>
      </symbol>
      <symbol id="sm-178">
         <name>_SCI_enableChannels</name>
         <value>0x870c</value>
         <object_component_ref idref="oc-69"/>
      </symbol>
      <symbol id="sm-17a">
         <name>_SCI_clearAutoBaudDetect</name>
         <value>0x8651</value>
         <object_component_ref idref="oc-69"/>
      </symbol>
      <symbol id="sm-17c">
         <name>_SCI_disableRxFifoInt</name>
         <value>0x86b0</value>
         <object_component_ref idref="oc-69"/>
      </symbol>
      <symbol id="sm-17e">
         <name>_SCI_disableRxInt</name>
         <value>0x86bb</value>
         <object_component_ref idref="oc-69"/>
      </symbol>
      <symbol id="sm-180">
         <name>_SCI_disableTx</name>
         <value>0x86cb</value>
         <object_component_ref idref="oc-69"/>
      </symbol>
      <symbol id="sm-182">
         <name>_SCI_disableParity</name>
         <value>0x8698</value>
         <object_component_ref idref="oc-69"/>
      </symbol>
      <symbol id="sm-184">
         <name>_SCI_setRxFifoIntLevel</name>
         <value>0x8898</value>
         <object_component_ref idref="oc-69"/>
      </symbol>
      <symbol id="sm-186">
         <name>_SCI_enableTxFifoEnh</name>
         <value>0x8770</value>
         <object_component_ref idref="oc-69"/>
      </symbol>
      <symbol id="sm-188">
         <name>_SCI_resetTxFifo</name>
         <value>0x882b</value>
         <object_component_ref idref="oc-69"/>
      </symbol>
      <symbol id="sm-18a">
         <name>_SCI_resetRxFifo</name>
         <value>0x8819</value>
         <object_component_ref idref="oc-69"/>
      </symbol>
      <symbol id="sm-18c">
         <name>_SCI_reset</name>
         <value>0x87ff</value>
         <object_component_ref idref="oc-69"/>
      </symbol>
      <symbol id="sm-18e">
         <name>_SCI_getTxFifoStatus</name>
         <value>0x87c3</value>
         <object_component_ref idref="oc-69"/>
      </symbol>
      <symbol id="sm-190">
         <name>_SCI_clearTxFifoInt</name>
         <value>0x8672</value>
         <object_component_ref idref="oc-69"/>
      </symbol>
      <symbol id="sm-192">
         <name>_SCI_enable</name>
         <value>0x86f9</value>
         <object_component_ref idref="oc-69"/>
      </symbol>
      <symbol id="sm-194">
         <name>_SCI_disableLoopBack</name>
         <value>0x8690</value>
         <object_component_ref idref="oc-69"/>
      </symbol>
      <symbol id="sm-196">
         <name>_SCI_setTxFifoIntLevel</name>
         <value>0x88a9</value>
         <object_component_ref idref="oc-69"/>
      </symbol>
      <symbol id="sm-198">
         <name>_SCI_disableRx</name>
         <value>0x86a0</value>
         <object_component_ref idref="oc-69"/>
      </symbol>
      <symbol id="sm-19a">
         <name>_SCI_enableRxInt</name>
         <value>0x8737</value>
         <object_component_ref idref="oc-69"/>
      </symbol>
      <symbol id="sm-19c">
         <name>_SCI_setBaudRate</name>
         <value>0x883d</value>
         <object_component_ref idref="oc-69"/>
      </symbol>
      <symbol id="sm-19e">
         <name>_SCI_enableRx</name>
         <value>0x8727</value>
         <object_component_ref idref="oc-69"/>
      </symbol>
      <symbol id="sm-1a0">
         <name>_SCI_enableAutoBaudAlign</name>
         <value>0x8701</value>
         <object_component_ref idref="oc-69"/>
      </symbol>
      <symbol id="sm-1a2">
         <name>_SCI_enableTxFifo</name>
         <value>0x8765</value>
         <object_component_ref idref="oc-69"/>
      </symbol>
      <symbol id="sm-1a4">
         <name>_SCI_enableRxFifo</name>
         <value>0x8747</value>
         <object_component_ref idref="oc-69"/>
      </symbol>
      <symbol id="sm-1a6">
         <name>_SCI_enableTx</name>
         <value>0x875d</value>
         <object_component_ref idref="oc-69"/>
      </symbol>
      <symbol id="sm-1a8">
         <name>_SCI_setPriority</name>
         <value>0x886f</value>
         <object_component_ref idref="oc-69"/>
      </symbol>
      <symbol id="sm-1aa">
         <name>_SCI_setCharLength</name>
         <value>0x884b</value>
         <object_component_ref idref="oc-69"/>
      </symbol>
      <symbol id="sm-1ac">
         <name>_SCI_getRxFifoStatus</name>
         <value>0x87b7</value>
         <object_component_ref idref="oc-69"/>
      </symbol>
      <symbol id="sm-1c8">
         <name>_c_int00</name>
         <value>0x89f4</value>
         <object_component_ref idref="oc-15"/>
      </symbol>
      <symbol id="sm-1c9">
         <name>__stack</name>
         <value>0x400</value>
         <object_component_ref idref="oc-2a"/>
      </symbol>
      <symbol id="sm-1d8">
         <name>_copy_in</name>
         <value>0x8a73</value>
         <object_component_ref idref="oc-61"/>
      </symbol>
      <symbol id="sm-1ea">
         <name>_memcpy</name>
         <value>0x8a97</value>
         <object_component_ref idref="oc-65"/>
      </symbol>
      <symbol id="sm-1f7">
         <name>__system_pre_init</name>
         <value>0x8acf</value>
         <object_component_ref idref="oc-60"/>
      </symbol>
      <symbol id="sm-205">
         <name>__system_post_cinit</name>
         <value>0x8ad1</value>
         <object_component_ref idref="oc-62"/>
      </symbol>
      <symbol id="sm-21a">
         <name>C$$EXIT</name>
         <value>0x8a4a</value>
         <object_component_ref idref="oc-64"/>
      </symbol>
      <symbol id="sm-21b">
         <name>_exit</name>
         <value>0x8a4c</value>
         <object_component_ref idref="oc-64"/>
      </symbol>
      <symbol id="sm-21d">
         <name>___TI_cleanup_ptr</name>
         <value>0xa122</value>
         <object_component_ref idref="oc-46"/>
      </symbol>
      <symbol id="sm-21e">
         <name>___TI_enable_exit_profile_output</name>
         <value>0xa120</value>
         <object_component_ref idref="oc-46"/>
      </symbol>
      <symbol id="sm-21f">
         <name>_abort</name>
         <value>0x8a4a</value>
         <object_component_ref idref="oc-64"/>
      </symbol>
      <symbol id="sm-221">
         <name>___TI_dtors_ptr</name>
         <value>0xa124</value>
         <object_component_ref idref="oc-46"/>
      </symbol>
      <symbol id="sm-235">
         <name>__unlock</name>
         <value>0xa128</value>
         <object_component_ref idref="oc-71"/>
      </symbol>
      <symbol id="sm-236">
         <name>__lock</name>
         <value>0xa126</value>
         <object_component_ref idref="oc-67"/>
      </symbol>
      <symbol id="sm-237">
         <name>__register_lock</name>
         <value>0x8aca</value>
         <object_component_ref idref="oc-6e"/>
      </symbol>
      <symbol id="sm-239">
         <name>__nop</name>
         <value>0x8ace</value>
         <object_component_ref idref="oc-6e"/>
      </symbol>
      <symbol id="sm-23b">
         <name>__register_unlock</name>
         <value>0x8ac6</value>
         <object_component_ref idref="oc-6e"/>
      </symbol>
      <symbol id="sm-24b">
         <name>__args_main</name>
         <value>0x8ab4</value>
         <object_component_ref idref="oc-63"/>
      </symbol>
      <symbol id="sm-271">
         <name>_strtol</name>
         <value>0x88ba</value>
         <object_component_ref idref="oc-6d"/>
      </symbol>
      <symbol id="sm-27c">
         <name>_errno</name>
         <value>0xa12a</value>
         <object_component_ref idref="oc-5c"/>
      </symbol>
      <symbol id="sm-284">
         <name>__ctypes_</name>
         <value>0xa000</value>
         <object_component_ref idref="oc-70"/>
      </symbol>
   </symbol_table>
   <title>Link successful</title>
</link_info>
