******************************************************************************
             TMS320C2000 Linker PC v21.6.0                     
******************************************************************************
>> Linked Sat Nov 12 18:16:26 2022

OUTPUT FILE NAME:   <Sci_Test.out>
ENTRY POINT SYMBOL: "_c_int00"  address: 00008e4c


MEMORY CONFIGURATION

         name            origin    length      used     unused   attr    fill
----------------------  --------  ---------  --------  --------  ----  --------
PAGE 0:
  BEGIN                 00000000   00000002  00000000  00000002  RWIX
  RAMM0                 00000050   000003b0  0000001e  00000392  RWIX
  RAML0_L3              00008000   00002000  00000f7d  00001083  RWIX
  FPUTABLES             003fd860   000006a0  00000000  000006a0  RWIX
  IQTABLES              003fdf00   00000b50  00000000  00000b50  RWIX
  IQTABLES2             003fea50   0000008c  00000000  0000008c  RWIX
  IQTABLES3             003feadc   000000aa  00000000  000000aa  RWIX
  BOOTROM               003ff3b0   00000c10  00000000  00000c10  RWIX
  RESET                 003fffc0   00000002  00000000  00000002  RWIX

PAGE 1:
  BOOT_RSVD             00000002   0000004e  00000000  0000004e  RWIX
  RAMM1                 00000400   00000400  00000400  00000000  RWIX
  RAML4                 0000a000   00002000  0000012a  00001ed6  RWIX
  RAML5                 0000c000   00002000  00000000  00002000  RWIX
  RAML6                 0000e000   00002000  00000000  00002000  RWIX
  RAML7                 00010000   00002000  00000000  00002000  RWIX
  RAML8                 00012000   00002000  00000000  00002000  RWIX
  USB_RAM               00040000   00000800  00000000  00000800  RWIX


SECTION ALLOCATION MAP

 output                                  attributes/
section   page    origin      length       input sections
--------  ----  ----------  ----------   ----------------
.cinit     0    00000050    0000001e     
                  00000050    0000000e     rts2800_fpu32.lib : exit.c.obj (.cinit)
                  0000005e    00000005                       : _lock.c.obj (.cinit:__lock)
                  00000063    00000005                       : _lock.c.obj (.cinit:__unlock)
                  00000068    00000004                       : errno.c.obj (.cinit)
                  0000006c    00000002     --HOLE-- [fill = 0]

.text      0    00008000    00000f7d     
                  00008000    0000031d     clk.obj (.text)
                  0000831d    00000314     gpio.obj (.text)
                  00008631    000002e2     adc.obj (.text)
                  00008913    00000289     sci.obj (.text)
                  00008b9c    000000d3     rts2800_fpu32.lib : strtol.c.obj (.text)
                  00008c6f    000000c0     pll.obj (.text)
                  00008d2f    00000092     main.obj (.text)
                  00008dc1    0000008b     wdog.obj (.text)
                  00008e4c    00000056     rts2800_fpu32.lib : boot28.asm.obj (.text)
                  00008ea2    00000053     osc.obj (.text)
                  00008ef5    00000029     rts2800_fpu32.lib : exit.c.obj (.text)
                  00008f1e    00000024                       : cpy_tbl.c.obj (.text)
                  00008f42    0000001d                       : memcpy.c.obj (.text)
                  00008f5f    00000012                       : args_main.c.obj (.text)
                  00008f71    00000009                       : _lock.c.obj (.text)
                  00008f7a    00000002                       : pre_init.c.obj (.text)
                  00008f7c    00000001                       : startup.c.obj (.text)

.pinit     0    00000050    00000000     UNINITIALIZED

.reset     0    003fffc0    00000002     DSECT
                  003fffc0    00000002     rts2800_fpu32.lib : boot28.asm.obj (.reset)

.stack     1    00000400    00000400     UNINITIALIZED
                  00000400    00000400     --HOLE--

.econst    1    0000a000    0000011f     
                  0000a000    00000101     rts2800_fpu32.lib : ctype.c.obj (.econst:.string:__ctypes_)
                  0000a101    0000001e     main.obj (.econst:.string:_$P$T0$1)

.ebss      1    0000a120    0000000b     UNINITIALIZED
                  0000a120    00000006     rts2800_fpu32.lib : exit.c.obj (.ebss)
                  0000a126    00000002                       : _lock.c.obj (.ebss:__lock)
                  0000a128    00000002                       : _lock.c.obj (.ebss:__unlock)
                  0000a12a    00000001                       : errno.c.obj (.ebss)

MODULE SUMMARY

       Module            code   initialized data   uninitialized data
       ------            ----   ----------------   ------------------
    .\
       clk.obj           797    0                  0                 
       gpio.obj          788    0                  0                 
       adc.obj           738    0                  0                 
       sci.obj           649    0                  0                 
       pll.obj           192    0                  0                 
       main.obj          146    30                 0                 
       wdog.obj          139    0                  0                 
       osc.obj           83     0                  0                 
    +--+-----------------+------+------------------+--------------------+
       Total:            3532   30                 0                 
                                                                     
    C:\ti\ccs1120\ccs\tools\compiler\ti-cgt-c2000_21.6.0.LTS\lib\rts2800_fpu32.lib
       ctype.c.obj       0      257                0                 
       strtol.c.obj      211    0                  0                 
       boot28.asm.obj    86     0                  0                 
       exit.c.obj        41     14                 6                 
       cpy_tbl.c.obj     36     0                  0                 
       memcpy.c.obj      29     0                  0                 
       _lock.c.obj       9      10                 4                 
       args_main.c.obj   18     0                  0                 
       errno.c.obj       0      4                  1                 
       pre_init.c.obj    2      0                  0                 
       startup.c.obj     1      0                  0                 
    +--+-----------------+------+------------------+--------------------+
       Total:            433    285                11                
                                                                     
       Stack:            0      0                  1024              
    +--+-----------------+------+------------------+--------------------+
       Grand Total:      3965   315                1035              


GLOBAL DATA SYMBOLS: SORTED BY DATA PAGE

address     data page           name
--------    ----------------    ----
00000400      10 (00000400)     __stack

0000a000     280 (0000a000)     __ctypes_

0000a120     284 (0000a100)     ___TI_enable_exit_profile_output
0000a122     284 (0000a100)     ___TI_cleanup_ptr
0000a124     284 (0000a100)     ___TI_dtors_ptr
0000a126     284 (0000a100)     __lock
0000a128     284 (0000a100)     __unlock
0000a12a     284 (0000a100)     _errno


GLOBAL SYMBOLS: SORTED ALPHABETICALLY BY Name 

page  address   name                            
----  -------   ----                            
0     00008000  .text                           
0     00008ef5  C$$EXIT                         
0     00008631  _ADC_disable                    
0     00008641  _ADC_disableBandGap             
0     00008651  _ADC_disableInt                 
0     0000888f  _ADC_disableNoOverlapMode       
0     00008670  _ADC_disableRefBuffers          
0     00008903  _ADC_disableVoltRefLoConv       
0     00008680  _ADC_enable                     
0     00008690  _ADC_enableBandGap              
0     000086a0  _ADC_enableInt                  
0     0000887f  _ADC_enableNoOverlapMode        
0     000086bf  _ADC_enableRefBuffers           
0     000088f3  _ADC_enableVoltRefLoConv        
0     00008855  _ADC_getDivideSelect            
0     000086cf  _ADC_init                       
0     000086de  _ADC_powerDown                  
0     000086ee  _ADC_powerUp                    
0     000086fe  _ADC_reset                      
0     00008867  _ADC_setDivideSelect            
0     00008729  _ADC_setIntMode                 
0     00008754  _ADC_setIntPulseGenMode         
0     0000876c  _ADC_setIntSrc                  
0     000088e2  _ADC_setOffTrim                 
0     00008797  _ADC_setSampleMode              
0     0000870e  _ADC_setSampleOverlapMode       
0     000087b5  _ADC_setSocChanNumber           
0     00008800  _ADC_setSocFrc                  
0     00008814  _ADC_setSocFrcWord              
0     000087ce  _ADC_setSocSampleDelay          
0     000087e7  _ADC_setSocTrigSrc              
0     00008825  _ADC_setTempSensorSrc           
0     0000883d  _ADC_setVoltRefSrc              
0     0000889f  _ADC_setupSocTrigSrc            
0     00008000  _CLK_disableAdcClock            
0     0000800e  _CLK_disableClaClock            
0     0000801c  _CLK_disableClkIn               
0     00008027  _CLK_disableCompClock           
0     00008034  _CLK_disableCpuTimerClock       
0     00008044  _CLK_disableCrystalOsc          
0     0000804f  _CLK_disableEcanaClock          
0     0000805d  _CLK_disableEcap1Clock          
0     0000806b  _CLK_disableEqep1Clock          
0     00008079  _CLK_disableEqep2Clock          
0     00008087  _CLK_disableGpioInputClock      
0     00008095  _CLK_disableHrPwmClock          
0     000080a3  _CLK_disableI2cClock            
0     000080b1  _CLK_disableLinAClock           
0     000080bf  _CLK_disableOsc1                
0     000080ca  _CLK_disableOsc1HaltMode        
0     000080d5  _CLK_disableOsc2                
0     000080e0  _CLK_disableOsc2HaltMode        
0     000080eb  _CLK_disablePwmClock            
0     000080fd  _CLK_disableSciaClock           
0     0000810b  _CLK_disableScibClock           
0     00008119  _CLK_disableSpiaClock           
0     00008127  _CLK_disableSpibClock           
0     00008132  _CLK_disableTbClockSync         
0     00008140  _CLK_disableWatchDogHaltMode    
0     0000814b  _CLK_enableAdcClock             
0     00008159  _CLK_enableClaClock             
0     000081c8  _CLK_enableClkIn                
0     00008167  _CLK_enableCompClock            
0     00008176  _CLK_enableCpuTimerClock        
0     00008185  _CLK_enableCrystalOsc           
0     00008190  _CLK_enableEcanaClock           
0     000081ba  _CLK_enableEcap1Clock           
0     0000819e  _CLK_enableEqep1Clock           
0     000081ac  _CLK_enableEqep2Clock           
0     000081d3  _CLK_enableGpioInputClock       
0     000081e1  _CLK_enableHrPwmClock           
0     000081ef  _CLK_enableI2cClock             
0     000081fd  _CLK_enableLinAClock            
0     0000820b  _CLK_enableOsc1                 
0     00008216  _CLK_enableOsc1HaltMode         
0     00008221  _CLK_enableOsc2                 
0     0000822c  _CLK_enableOsc2HaltMode         
0     00008237  _CLK_enablePwmClock             
0     00008248  _CLK_enableSciaClock            
0     00008256  _CLK_enableScibClock            
0     00008264  _CLK_enableSpiaClock            
0     00008272  _CLK_enableSpibClock            
0     00008280  _CLK_enableTbClockSync          
0     0000828e  _CLK_enableWatchDogHaltMode     
0     00008299  _CLK_init                       
0     000082a5  _CLK_setClkOutPreScaler         
0     000082b4  _CLK_setLowSpdPreScaler         
0     000082d2  _CLK_setOsc2Src                 
0     000082c3  _CLK_setOscSrc                  
0     000082f0  _CLK_setTimer2PreScale          
0     000082ff  _CLK_setTimer2Src               
0     0000830e  _CLK_setWatchDogSrc             
0     000082e1  _CLK_setXClkInSrc               
0     0000831d  _GPIO_getData                   
0     00008340  _GPIO_getPortData               
0     00008356  _GPIO_init                      
0     0000861f  _GPIO_lpmSelect                 
0     000083de  _GPIO_read                      
0     00008397  _GPIO_setDirection              
0     000083cc  _GPIO_setExtInt                 
0     0000840b  _GPIO_setHigh                   
0     0000842b  _GPIO_setLow                    
0     0000844b  _GPIO_setMode                   
0     000084bc  _GPIO_setPortData               
0     00008362  _GPIO_setPullup                 
0     000084d6  _GPIO_setQualification          
0     00008565  _GPIO_setQualificationPeriod    
0     000085ff  _GPIO_toggle                    
0     00008ea2  _OSC_init                       
0     00008eae  _OSC_setCoarseTrim              
0     00008ec7  _OSC_setFineTrim                
0     00008ee2  _OSC_setTrim                    
0     00008c6f  _PLL_disable                    
0     00008c7a  _PLL_disableClkDetect           
0     00008c85  _PLL_disableNormRdy             
0     00008c90  _PLL_disableOsc                 
0     00008c9b  _PLL_enable                     
0     00008ca6  _PLL_enableClkDetect            
0     00008cb1  _PLL_enableNormRdy              
0     00008cbc  _PLL_enableOsc                  
0     00008cc7  _PLL_getClkFreq                 
0     00008cd3  _PLL_getClkStatus               
0     00008cdc  _PLL_getDivideSelect            
0     00008ce5  _PLL_getLockStatus              
0     00008cee  _PLL_init                       
0     00008cfa  _PLL_resetClkDetect             
0     00008d05  _PLL_setClkFreq                 
0     00008d14  _PLL_setDivideSelect            
0     00008d23  _PLL_setLockPeriod              
0     00008933  _SCI_clearAutoBaudDetect        
0     00008949  _SCI_clearRxFifoInt             
0     0000893e  _SCI_clearRxFifoOvf             
0     00008954  _SCI_clearTxFifoInt             
0     0000895f  _SCI_disable                    
0     00008967  _SCI_disableAutoBaudAlign       
0     00008972  _SCI_disableLoopBack            
0     0000897a  _SCI_disableParity              
0     00008982  _SCI_disableRx                  
0     0000898a  _SCI_disableRxErrorInt          
0     00008992  _SCI_disableRxFifoInt           
0     0000899d  _SCI_disableRxInt               
0     000089a5  _SCI_disableSleep               
0     000089ad  _SCI_disableTx                  
0     000089b5  _SCI_disableTxFifoEnh           
0     000089c0  _SCI_disableTxFifoInt           
0     000089cb  _SCI_disableTxInt               
0     000089d3  _SCI_disableTxWake              
0     000089db  _SCI_enable                     
0     000089e3  _SCI_enableAutoBaudAlign        
0     000089ee  _SCI_enableChannels             
0     000089f9  _SCI_enableLoopBack             
0     00008a01  _SCI_enableParity               
0     00008a09  _SCI_enableRx                   
0     00008a11  _SCI_enableRxErrorInt           
0     00008a29  _SCI_enableRxFifo               
0     00008a34  _SCI_enableRxFifoInt            
0     00008a19  _SCI_enableRxInt                
0     00008a21  _SCI_enableSleep                
0     00008a3f  _SCI_enableTx                   
0     00008a47  _SCI_enableTxFifo               
0     00008a52  _SCI_enableTxFifoEnh            
0     00008a5d  _SCI_enableTxFifoInt            
0     00008a68  _SCI_enableTxInt                
0     00008a70  _SCI_enableTxWake               
0     00008a78  _SCI_getDataBlocking            
0     00008a85  _SCI_getDataNonBlocking         
0     00008a99  _SCI_getRxFifoStatus            
0     00008aa5  _SCI_getTxFifoStatus            
0     00008ab1  _SCI_init                       
0     00008abd  _SCI_putDataBlocking            
0     00008ace  _SCI_putDataNonBlocking         
0     00008ae1  _SCI_reset                      
0     00008ae9  _SCI_resetChannels              
0     00008afb  _SCI_resetRxFifo                
0     00008b0d  _SCI_resetTxFifo                
0     00008b1f  _SCI_setBaudRate                
0     00008b2d  _SCI_setCharLength              
0     00008b39  _SCI_setMode                    
0     00008b45  _SCI_setNumStopBits             
0     00008b5d  _SCI_setParity                  
0     00008b51  _SCI_setPriority                
0     00008b7a  _SCI_setRxFifoIntLevel          
0     00008b69  _SCI_setTxDelay                 
0     00008b8b  _SCI_setTxFifoIntLevel          
0     00008dc1  _WDOG_clearCounter              
0     00008dcf  _WDOG_disable                   
0     00008ddf  _WDOG_disableInt                
0     00008dea  _WDOG_disableOverRide           
0     00008df5  _WDOG_enable                    
0     00008e05  _WDOG_enableInt                 
0     00008e10  _WDOG_enableOverRide            
0     00008e1b  _WDOG_getIntStatus              
0     00008e24  _WDOG_init                      
0     00008e30  _WDOG_setCount                  
0     00008e39  _WDOG_setPreScaler              
1     00000800  __STACK_END                     
abs   00000400  __STACK_SIZE                    
1     0000a122  ___TI_cleanup_ptr               
1     0000a124  ___TI_dtors_ptr                 
1     0000a120  ___TI_enable_exit_profile_output
abs   ffffffff  ___TI_pprof_out_hndl            
abs   ffffffff  ___TI_prof_data_size            
abs   ffffffff  ___TI_prof_data_start           
abs   ffffffff  ___binit__                      
abs   ffffffff  ___c_args__                     
0     00000050  ___cinit__                      
0     00008f7d  ___etext__                      
abs   ffffffff  ___pinit__                      
0     00008000  ___text__                       
0     00008f5f  __args_main                     
1     0000a000  __ctypes_                       
1     0000a126  __lock                          
0     00008f79  __nop                           
0     00008f75  __register_lock                 
0     00008f71  __register_unlock               
1     00000400  __stack                         
0     00008f7c  __system_post_cinit             
0     00008f7a  __system_pre_init               
1     0000a128  __unlock                        
0     00008ef5  _abort                          
0     00008e4c  _c_int00                        
0     00008f1e  _copy_in                        
1     0000a12a  _errno                          
0     00008ef7  _exit                           
0     00008d76  _initSysCtrl                    
0     00008d3b  _main                           
0     00008f42  _memcpy                         
0     00008d9f  _setupSciA                      
0     00008b9c  _strtol                         
abs   ffffffff  binit                           
0     00000050  cinit                           
0     00008f7d  etext                           
abs   ffffffff  pinit                           


GLOBAL SYMBOLS: SORTED BY Symbol Address 

page  address   name                            
----  -------   ----                            
0     00000050  ___cinit__                      
0     00000050  cinit                           
0     00008000  .text                           
0     00008000  _CLK_disableAdcClock            
0     00008000  ___text__                       
0     0000800e  _CLK_disableClaClock            
0     0000801c  _CLK_disableClkIn               
0     00008027  _CLK_disableCompClock           
0     00008034  _CLK_disableCpuTimerClock       
0     00008044  _CLK_disableCrystalOsc          
0     0000804f  _CLK_disableEcanaClock          
0     0000805d  _CLK_disableEcap1Clock          
0     0000806b  _CLK_disableEqep1Clock          
0     00008079  _CLK_disableEqep2Clock          
0     00008087  _CLK_disableGpioInputClock      
0     00008095  _CLK_disableHrPwmClock          
0     000080a3  _CLK_disableI2cClock            
0     000080b1  _CLK_disableLinAClock           
0     000080bf  _CLK_disableOsc1                
0     000080ca  _CLK_disableOsc1HaltMode        
0     000080d5  _CLK_disableOsc2                
0     000080e0  _CLK_disableOsc2HaltMode        
0     000080eb  _CLK_disablePwmClock            
0     000080fd  _CLK_disableSciaClock           
0     0000810b  _CLK_disableScibClock           
0     00008119  _CLK_disableSpiaClock           
0     00008127  _CLK_disableSpibClock           
0     00008132  _CLK_disableTbClockSync         
0     00008140  _CLK_disableWatchDogHaltMode    
0     0000814b  _CLK_enableAdcClock             
0     00008159  _CLK_enableClaClock             
0     00008167  _CLK_enableCompClock            
0     00008176  _CLK_enableCpuTimerClock        
0     00008185  _CLK_enableCrystalOsc           
0     00008190  _CLK_enableEcanaClock           
0     0000819e  _CLK_enableEqep1Clock           
0     000081ac  _CLK_enableEqep2Clock           
0     000081ba  _CLK_enableEcap1Clock           
0     000081c8  _CLK_enableClkIn                
0     000081d3  _CLK_enableGpioInputClock       
0     000081e1  _CLK_enableHrPwmClock           
0     000081ef  _CLK_enableI2cClock             
0     000081fd  _CLK_enableLinAClock            
0     0000820b  _CLK_enableOsc1                 
0     00008216  _CLK_enableOsc1HaltMode         
0     00008221  _CLK_enableOsc2                 
0     0000822c  _CLK_enableOsc2HaltMode         
0     00008237  _CLK_enablePwmClock             
0     00008248  _CLK_enableSciaClock            
0     00008256  _CLK_enableScibClock            
0     00008264  _CLK_enableSpiaClock            
0     00008272  _CLK_enableSpibClock            
0     00008280  _CLK_enableTbClockSync          
0     0000828e  _CLK_enableWatchDogHaltMode     
0     00008299  _CLK_init                       
0     000082a5  _CLK_setClkOutPreScaler         
0     000082b4  _CLK_setLowSpdPreScaler         
0     000082c3  _CLK_setOscSrc                  
0     000082d2  _CLK_setOsc2Src                 
0     000082e1  _CLK_setXClkInSrc               
0     000082f0  _CLK_setTimer2PreScale          
0     000082ff  _CLK_setTimer2Src               
0     0000830e  _CLK_setWatchDogSrc             
0     0000831d  _GPIO_getData                   
0     00008340  _GPIO_getPortData               
0     00008356  _GPIO_init                      
0     00008362  _GPIO_setPullup                 
0     00008397  _GPIO_setDirection              
0     000083cc  _GPIO_setExtInt                 
0     000083de  _GPIO_read                      
0     0000840b  _GPIO_setHigh                   
0     0000842b  _GPIO_setLow                    
0     0000844b  _GPIO_setMode                   
0     000084bc  _GPIO_setPortData               
0     000084d6  _GPIO_setQualification          
0     00008565  _GPIO_setQualificationPeriod    
0     000085ff  _GPIO_toggle                    
0     0000861f  _GPIO_lpmSelect                 
0     00008631  _ADC_disable                    
0     00008641  _ADC_disableBandGap             
0     00008651  _ADC_disableInt                 
0     00008670  _ADC_disableRefBuffers          
0     00008680  _ADC_enable                     
0     00008690  _ADC_enableBandGap              
0     000086a0  _ADC_enableInt                  
0     000086bf  _ADC_enableRefBuffers           
0     000086cf  _ADC_init                       
0     000086de  _ADC_powerDown                  
0     000086ee  _ADC_powerUp                    
0     000086fe  _ADC_reset                      
0     0000870e  _ADC_setSampleOverlapMode       
0     00008729  _ADC_setIntMode                 
0     00008754  _ADC_setIntPulseGenMode         
0     0000876c  _ADC_setIntSrc                  
0     00008797  _ADC_setSampleMode              
0     000087b5  _ADC_setSocChanNumber           
0     000087ce  _ADC_setSocSampleDelay          
0     000087e7  _ADC_setSocTrigSrc              
0     00008800  _ADC_setSocFrc                  
0     00008814  _ADC_setSocFrcWord              
0     00008825  _ADC_setTempSensorSrc           
0     0000883d  _ADC_setVoltRefSrc              
0     00008855  _ADC_getDivideSelect            
0     00008867  _ADC_setDivideSelect            
0     0000887f  _ADC_enableNoOverlapMode        
0     0000888f  _ADC_disableNoOverlapMode       
0     0000889f  _ADC_setupSocTrigSrc            
0     000088e2  _ADC_setOffTrim                 
0     000088f3  _ADC_enableVoltRefLoConv        
0     00008903  _ADC_disableVoltRefLoConv       
0     00008933  _SCI_clearAutoBaudDetect        
0     0000893e  _SCI_clearRxFifoOvf             
0     00008949  _SCI_clearRxFifoInt             
0     00008954  _SCI_clearTxFifoInt             
0     0000895f  _SCI_disable                    
0     00008967  _SCI_disableAutoBaudAlign       
0     00008972  _SCI_disableLoopBack            
0     0000897a  _SCI_disableParity              
0     00008982  _SCI_disableRx                  
0     0000898a  _SCI_disableRxErrorInt          
0     00008992  _SCI_disableRxFifoInt           
0     0000899d  _SCI_disableRxInt               
0     000089a5  _SCI_disableSleep               
0     000089ad  _SCI_disableTx                  
0     000089b5  _SCI_disableTxFifoEnh           
0     000089c0  _SCI_disableTxFifoInt           
0     000089cb  _SCI_disableTxInt               
0     000089d3  _SCI_disableTxWake              
0     000089db  _SCI_enable                     
0     000089e3  _SCI_enableAutoBaudAlign        
0     000089ee  _SCI_enableChannels             
0     000089f9  _SCI_enableLoopBack             
0     00008a01  _SCI_enableParity               
0     00008a09  _SCI_enableRx                   
0     00008a11  _SCI_enableRxErrorInt           
0     00008a19  _SCI_enableRxInt                
0     00008a21  _SCI_enableSleep                
0     00008a29  _SCI_enableRxFifo               
0     00008a34  _SCI_enableRxFifoInt            
0     00008a3f  _SCI_enableTx                   
0     00008a47  _SCI_enableTxFifo               
0     00008a52  _SCI_enableTxFifoEnh            
0     00008a5d  _SCI_enableTxFifoInt            
0     00008a68  _SCI_enableTxInt                
0     00008a70  _SCI_enableTxWake               
0     00008a78  _SCI_getDataBlocking            
0     00008a85  _SCI_getDataNonBlocking         
0     00008a99  _SCI_getRxFifoStatus            
0     00008aa5  _SCI_getTxFifoStatus            
0     00008ab1  _SCI_init                       
0     00008abd  _SCI_putDataBlocking            
0     00008ace  _SCI_putDataNonBlocking         
0     00008ae1  _SCI_reset                      
0     00008ae9  _SCI_resetChannels              
0     00008afb  _SCI_resetRxFifo                
0     00008b0d  _SCI_resetTxFifo                
0     00008b1f  _SCI_setBaudRate                
0     00008b2d  _SCI_setCharLength              
0     00008b39  _SCI_setMode                    
0     00008b45  _SCI_setNumStopBits             
0     00008b51  _SCI_setPriority                
0     00008b5d  _SCI_setParity                  
0     00008b69  _SCI_setTxDelay                 
0     00008b7a  _SCI_setRxFifoIntLevel          
0     00008b8b  _SCI_setTxFifoIntLevel          
0     00008b9c  _strtol                         
0     00008c6f  _PLL_disable                    
0     00008c7a  _PLL_disableClkDetect           
0     00008c85  _PLL_disableNormRdy             
0     00008c90  _PLL_disableOsc                 
0     00008c9b  _PLL_enable                     
0     00008ca6  _PLL_enableClkDetect            
0     00008cb1  _PLL_enableNormRdy              
0     00008cbc  _PLL_enableOsc                  
0     00008cc7  _PLL_getClkFreq                 
0     00008cd3  _PLL_getClkStatus               
0     00008cdc  _PLL_getDivideSelect            
0     00008ce5  _PLL_getLockStatus              
0     00008cee  _PLL_init                       
0     00008cfa  _PLL_resetClkDetect             
0     00008d05  _PLL_setClkFreq                 
0     00008d14  _PLL_setDivideSelect            
0     00008d23  _PLL_setLockPeriod              
0     00008d3b  _main                           
0     00008d76  _initSysCtrl                    
0     00008d9f  _setupSciA                      
0     00008dc1  _WDOG_clearCounter              
0     00008dcf  _WDOG_disable                   
0     00008ddf  _WDOG_disableInt                
0     00008dea  _WDOG_disableOverRide           
0     00008df5  _WDOG_enable                    
0     00008e05  _WDOG_enableInt                 
0     00008e10  _WDOG_enableOverRide            
0     00008e1b  _WDOG_getIntStatus              
0     00008e24  _WDOG_init                      
0     00008e30  _WDOG_setCount                  
0     00008e39  _WDOG_setPreScaler              
0     00008e4c  _c_int00                        
0     00008ea2  _OSC_init                       
0     00008eae  _OSC_setCoarseTrim              
0     00008ec7  _OSC_setFineTrim                
0     00008ee2  _OSC_setTrim                    
0     00008ef5  C$$EXIT                         
0     00008ef5  _abort                          
0     00008ef7  _exit                           
0     00008f1e  _copy_in                        
0     00008f42  _memcpy                         
0     00008f5f  __args_main                     
0     00008f71  __register_unlock               
0     00008f75  __register_lock                 
0     00008f79  __nop                           
0     00008f7a  __system_pre_init               
0     00008f7c  __system_post_cinit             
0     00008f7d  ___etext__                      
0     00008f7d  etext                           
1     00000400  __stack                         
1     00000800  __STACK_END                     
1     0000a000  __ctypes_                       
1     0000a120  ___TI_enable_exit_profile_output
1     0000a122  ___TI_cleanup_ptr               
1     0000a124  ___TI_dtors_ptr                 
1     0000a126  __lock                          
1     0000a128  __unlock                        
1     0000a12a  _errno                          
abs   00000400  __STACK_SIZE                    
abs   ffffffff  ___TI_pprof_out_hndl            
abs   ffffffff  ___TI_prof_data_size            
abs   ffffffff  ___TI_prof_data_start           
abs   ffffffff  ___binit__                      
abs   ffffffff  ___c_args__                     
abs   ffffffff  ___pinit__                      
abs   ffffffff  binit                           
abs   ffffffff  pinit                           

[233 symbols]
