<?xml version="1.0" encoding="ISO-8859-1" ?>
<link_info>
   <banner>TMS320C2000 Linker PC v21.6.0.LTS</banner>
   <copyright>Copyright (c) 1996-2018 Texas Instruments Incorporated</copyright>
   <link_time>0x6370375a</link_time>
   <link_errors>0x0</link_errors>
   <output_file>Sci_Test.out</output_file>
   <entry_point>
      <name>_c_int00</name>
      <address>0x8e4c</address>
   </entry_point>
   <input_file_list>
      <input_file id="fl-2">
         <path>.\</path>
         <kind>object</kind>
         <file>adc.obj</file>
         <name>adc.obj</name>
      </input_file>
      <input_file id="fl-3">
         <path>.\</path>
         <kind>object</kind>
         <file>clk.obj</file>
         <name>clk.obj</name>
      </input_file>
      <input_file id="fl-4">
         <path>.\</path>
         <kind>object</kind>
         <file>gpio.obj</file>
         <name>gpio.obj</name>
      </input_file>
      <input_file id="fl-5">
         <path>.\</path>
         <kind>object</kind>
         <file>main.obj</file>
         <name>main.obj</name>
      </input_file>
      <input_file id="fl-6">
         <path>.\</path>
         <kind>object</kind>
         <file>osc.obj</file>
         <name>osc.obj</name>
      </input_file>
      <input_file id="fl-7">
         <path>.\</path>
         <kind>object</kind>
         <file>pll.obj</file>
         <name>pll.obj</name>
      </input_file>
      <input_file id="fl-8">
         <path>.\</path>
         <kind>object</kind>
         <file>sci.obj</file>
         <name>sci.obj</name>
      </input_file>
      <input_file id="fl-9">
         <path>.\</path>
         <kind>object</kind>
         <file>wdog.obj</file>
         <name>wdog.obj</name>
      </input_file>
      <input_file id="fl-d">
         <kind>object</kind>
         <file>&lt;internal&gt;</file>
         <name>&lt;internal&gt;</name>
      </input_file>
      <input_file id="fl-19">
         <path>C:\ti\ccs1120\ccs\tools\compiler\ti-cgt-c2000_21.6.0.LTS\lib\</path>
         <kind>archive</kind>
         <file>rts2800_fpu32.lib</file>
         <name>boot28.asm.obj</name>
      </input_file>
      <input_file id="fl-1a">
         <path>C:\ti\ccs1120\ccs\tools\compiler\ti-cgt-c2000_21.6.0.LTS\lib\</path>
         <kind>archive</kind>
         <file>rts2800_fpu32.lib</file>
         <name>cpy_tbl.c.obj</name>
      </input_file>
      <input_file id="fl-1b">
         <path>C:\ti\ccs1120\ccs\tools\compiler\ti-cgt-c2000_21.6.0.LTS\lib\</path>
         <kind>archive</kind>
         <file>rts2800_fpu32.lib</file>
         <name>memcpy.c.obj</name>
      </input_file>
      <input_file id="fl-1c">
         <path>C:\ti\ccs1120\ccs\tools\compiler\ti-cgt-c2000_21.6.0.LTS\lib\</path>
         <kind>archive</kind>
         <file>rts2800_fpu32.lib</file>
         <name>pre_init.c.obj</name>
      </input_file>
      <input_file id="fl-1d">
         <path>C:\ti\ccs1120\ccs\tools\compiler\ti-cgt-c2000_21.6.0.LTS\lib\</path>
         <kind>archive</kind>
         <file>rts2800_fpu32.lib</file>
         <name>startup.c.obj</name>
      </input_file>
      <input_file id="fl-1e">
         <path>C:\ti\ccs1120\ccs\tools\compiler\ti-cgt-c2000_21.6.0.LTS\lib\</path>
         <kind>archive</kind>
         <file>rts2800_fpu32.lib</file>
         <name>exit.c.obj</name>
      </input_file>
      <input_file id="fl-1f">
         <path>C:\ti\ccs1120\ccs\tools\compiler\ti-cgt-c2000_21.6.0.LTS\lib\</path>
         <kind>archive</kind>
         <file>rts2800_fpu32.lib</file>
         <name>_lock.c.obj</name>
      </input_file>
      <input_file id="fl-20">
         <path>C:\ti\ccs1120\ccs\tools\compiler\ti-cgt-c2000_21.6.0.LTS\lib\</path>
         <kind>archive</kind>
         <file>rts2800_fpu32.lib</file>
         <name>args_main.c.obj</name>
      </input_file>
      <input_file id="fl-21">
         <path>C:\ti\ccs1120\ccs\tools\compiler\ti-cgt-c2000_21.6.0.LTS\lib\</path>
         <kind>archive</kind>
         <file>rts2800_fpu32.lib</file>
         <name>strtol.c.obj</name>
      </input_file>
      <input_file id="fl-22">
         <path>C:\ti\ccs1120\ccs\tools\compiler\ti-cgt-c2000_21.6.0.LTS\lib\</path>
         <kind>archive</kind>
         <file>rts2800_fpu32.lib</file>
         <name>errno.c.obj</name>
      </input_file>
      <input_file id="fl-23">
         <path>C:\ti\ccs1120\ccs\tools\compiler\ti-cgt-c2000_21.6.0.LTS\lib\</path>
         <kind>archive</kind>
         <file>rts2800_fpu32.lib</file>
         <name>ctype.c.obj</name>
      </input_file>
   </input_file_list>
   <object_component_list>
      <object_component id="oc-7e">
         <name>.text</name>
         <load_address>0x8000</load_address>
         <run_address>0x8000</run_address>
         <size>0x31d</size>
         <input_file_ref idref="fl-3"/>
      </object_component>
      <object_component id="oc-7f">
         <name>.text</name>
         <load_address>0x831d</load_address>
         <run_address>0x831d</run_address>
         <size>0x314</size>
         <input_file_ref idref="fl-4"/>
      </object_component>
      <object_component id="oc-83">
         <name>.text</name>
         <load_address>0x8631</load_address>
         <run_address>0x8631</run_address>
         <size>0x2e2</size>
         <input_file_ref idref="fl-2"/>
      </object_component>
      <object_component id="oc-7d">
         <name>.text</name>
         <load_address>0x8913</load_address>
         <run_address>0x8913</run_address>
         <size>0x289</size>
         <input_file_ref idref="fl-8"/>
      </object_component>
      <object_component id="oc-81">
         <name>.text</name>
         <load_address>0x8b9c</load_address>
         <run_address>0x8b9c</run_address>
         <size>0xd3</size>
         <input_file_ref idref="fl-21"/>
      </object_component>
      <object_component id="oc-85">
         <name>.text</name>
         <load_address>0x8c6f</load_address>
         <run_address>0x8c6f</run_address>
         <size>0xc0</size>
         <input_file_ref idref="fl-7"/>
      </object_component>
      <object_component id="oc-7a">
         <name>.text</name>
         <load_address>0x8d2f</load_address>
         <run_address>0x8d2f</run_address>
         <size>0x92</size>
         <input_file_ref idref="fl-5"/>
      </object_component>
      <object_component id="oc-82">
         <name>.text</name>
         <load_address>0x8dc1</load_address>
         <run_address>0x8dc1</run_address>
         <size>0x8b</size>
         <input_file_ref idref="fl-9"/>
      </object_component>
      <object_component id="oc-15">
         <name>.text</name>
         <load_address>0x8e4c</load_address>
         <run_address>0x8e4c</run_address>
         <size>0x56</size>
         <input_file_ref idref="fl-19"/>
      </object_component>
      <object_component id="oc-84">
         <name>.text</name>
         <load_address>0x8ea2</load_address>
         <run_address>0x8ea2</run_address>
         <size>0x53</size>
         <input_file_ref idref="fl-6"/>
      </object_component>
      <object_component id="oc-78">
         <name>.text</name>
         <load_address>0x8ef5</load_address>
         <run_address>0x8ef5</run_address>
         <size>0x29</size>
         <input_file_ref idref="fl-1e"/>
      </object_component>
      <object_component id="oc-75">
         <name>.text</name>
         <load_address>0x8f1e</load_address>
         <run_address>0x8f1e</run_address>
         <size>0x24</size>
         <input_file_ref idref="fl-1a"/>
      </object_component>
      <object_component id="oc-79">
         <name>.text</name>
         <load_address>0x8f42</load_address>
         <run_address>0x8f42</run_address>
         <size>0x1d</size>
         <input_file_ref idref="fl-1b"/>
      </object_component>
      <object_component id="oc-77">
         <name>.text</name>
         <load_address>0x8f5f</load_address>
         <run_address>0x8f5f</run_address>
         <size>0x12</size>
         <input_file_ref idref="fl-20"/>
      </object_component>
      <object_component id="oc-86">
         <name>.text</name>
         <load_address>0x8f71</load_address>
         <run_address>0x8f71</run_address>
         <size>0x9</size>
         <input_file_ref idref="fl-1f"/>
      </object_component>
      <object_component id="oc-74">
         <name>.text</name>
         <load_address>0x8f7a</load_address>
         <run_address>0x8f7a</run_address>
         <size>0x2</size>
         <input_file_ref idref="fl-1c"/>
      </object_component>
      <object_component id="oc-76">
         <name>.text</name>
         <load_address>0x8f7c</load_address>
         <run_address>0x8f7c</run_address>
         <size>0x1</size>
         <input_file_ref idref="fl-1d"/>
      </object_component>
      <object_component id="oc-59">
         <name>.cinit</name>
         <load_address>0x50</load_address>
         <run_address>0x50</run_address>
         <size>0xe</size>
         <input_file_ref idref="fl-1e"/>
      </object_component>
      <object_component id="oc-7c">
         <name>.cinit:__lock</name>
         <load_address>0x5e</load_address>
         <run_address>0x5e</run_address>
         <size>0x5</size>
         <input_file_ref idref="fl-1f"/>
      </object_component>
      <object_component id="oc-87">
         <name>.cinit:__unlock</name>
         <load_address>0x63</load_address>
         <run_address>0x63</run_address>
         <size>0x5</size>
         <input_file_ref idref="fl-1f"/>
      </object_component>
      <object_component id="oc-6f">
         <name>.cinit</name>
         <load_address>0x68</load_address>
         <run_address>0x68</run_address>
         <size>0x4</size>
         <input_file_ref idref="fl-22"/>
      </object_component>
      <object_component id="oc-3f">
         <name>.reset</name>
         <load_address>0x3fffc0</load_address>
         <run_address>0x3fffc0</run_address>
         <size>0x2</size>
         <input_file_ref idref="fl-19"/>
      </object_component>
      <object_component id="oc-3e">
         <name>.stack</name>
         <uninitialized>true</uninitialized>
         <run_address>0x400</run_address>
         <size>0x0</size>
         <input_file_ref idref="fl-19"/>
      </object_component>
      <object_component id="oc-a8">
         <name>.stack</name>
         <uninitialized>true</uninitialized>
         <run_address>0x400</run_address>
         <size>0x0</size>
      </object_component>
      <object_component id="oc-5a">
         <name>.ebss</name>
         <uninitialized>true</uninitialized>
         <run_address>0xa120</run_address>
         <size>0x6</size>
         <input_file_ref idref="fl-1e"/>
      </object_component>
      <object_component id="oc-7b">
         <name>.ebss:__lock</name>
         <uninitialized>true</uninitialized>
         <run_address>0xa126</run_address>
         <size>0x2</size>
         <input_file_ref idref="fl-1f"/>
      </object_component>
      <object_component id="oc-89">
         <name>.ebss:__unlock</name>
         <uninitialized>true</uninitialized>
         <run_address>0xa128</run_address>
         <size>0x2</size>
         <input_file_ref idref="fl-1f"/>
      </object_component>
      <object_component id="oc-70">
         <name>.ebss</name>
         <uninitialized>true</uninitialized>
         <run_address>0xa12a</run_address>
         <size>0x1</size>
         <input_file_ref idref="fl-22"/>
      </object_component>
      <object_component id="oc-88">
         <name>.econst:.string:__ctypes_</name>
         <load_address>0xa000</load_address>
         <run_address>0xa000</run_address>
         <size>0x101</size>
         <input_file_ref idref="fl-23"/>
      </object_component>
      <object_component id="oc-80">
         <name>.econst:.string:_$P$T0$1</name>
         <load_address>0xa101</load_address>
         <run_address>0xa101</run_address>
         <size>0x1e</size>
         <input_file_ref idref="fl-5"/>
      </object_component>
      <object_component id="oc-16">
         <name>.debug_info</name>
         <load_address>0x0</load_address>
         <run_address>0x0</run_address>
         <size>0x375d</size>
         <input_file_ref idref="fl-2"/>
      </object_component>
      <object_component id="oc-1b">
         <name>.debug_info</name>
         <load_address>0x375d</load_address>
         <run_address>0x375d</run_address>
         <size>0x32f5</size>
         <input_file_ref idref="fl-3"/>
      </object_component>
      <object_component id="oc-20">
         <name>.debug_info</name>
         <load_address>0x6a52</load_address>
         <run_address>0x6a52</run_address>
         <size>0x340c</size>
         <input_file_ref idref="fl-4"/>
      </object_component>
      <object_component id="oc-25">
         <name>.debug_info</name>
         <load_address>0x9e5e</load_address>
         <run_address>0x9e5e</run_address>
         <size>0x34bc</size>
         <input_file_ref idref="fl-5"/>
      </object_component>
      <object_component id="oc-2a">
         <name>.debug_info</name>
         <load_address>0xd31a</load_address>
         <run_address>0xd31a</run_address>
         <size>0x85e</size>
         <input_file_ref idref="fl-6"/>
      </object_component>
      <object_component id="oc-2f">
         <name>.debug_info</name>
         <load_address>0xdb78</load_address>
         <run_address>0xdb78</run_address>
         <size>0x1280</size>
         <input_file_ref idref="fl-7"/>
      </object_component>
      <object_component id="oc-34">
         <name>.debug_info</name>
         <load_address>0xedf8</load_address>
         <run_address>0xedf8</run_address>
         <size>0x309e</size>
         <input_file_ref idref="fl-8"/>
      </object_component>
      <object_component id="oc-39">
         <name>.debug_info</name>
         <load_address>0x11e96</load_address>
         <run_address>0x11e96</run_address>
         <size>0xdc2</size>
         <input_file_ref idref="fl-9"/>
      </object_component>
      <object_component id="oc-40">
         <name>.debug_info</name>
         <load_address>0x12c58</load_address>
         <run_address>0x12c58</run_address>
         <size>0x173</size>
         <input_file_ref idref="fl-19"/>
      </object_component>
      <object_component id="oc-44">
         <name>.debug_info</name>
         <load_address>0x12dcb</load_address>
         <run_address>0x12dcb</run_address>
         <size>0x561</size>
         <input_file_ref idref="fl-1a"/>
      </object_component>
      <object_component id="oc-49">
         <name>.debug_info</name>
         <load_address>0x1332c</load_address>
         <run_address>0x1332c</run_address>
         <size>0x43a</size>
         <input_file_ref idref="fl-1b"/>
      </object_component>
      <object_component id="oc-4e">
         <name>.debug_info</name>
         <load_address>0x13766</load_address>
         <run_address>0x13766</run_address>
         <size>0x3ad</size>
         <input_file_ref idref="fl-1c"/>
      </object_component>
      <object_component id="oc-53">
         <name>.debug_info</name>
         <load_address>0x13b13</load_address>
         <run_address>0x13b13</run_address>
         <size>0x3aa</size>
         <input_file_ref idref="fl-1d"/>
      </object_component>
      <object_component id="oc-58">
         <name>.debug_info</name>
         <load_address>0x13ebd</load_address>
         <run_address>0x13ebd</run_address>
         <size>0x544</size>
         <input_file_ref idref="fl-1e"/>
      </object_component>
      <object_component id="oc-5f">
         <name>.debug_info</name>
         <load_address>0x14401</load_address>
         <run_address>0x14401</run_address>
         <size>0x4cc</size>
         <input_file_ref idref="fl-1f"/>
      </object_component>
      <object_component id="oc-64">
         <name>.debug_info</name>
         <load_address>0x148cd</load_address>
         <run_address>0x148cd</run_address>
         <size>0x467</size>
         <input_file_ref idref="fl-20"/>
      </object_component>
      <object_component id="oc-69">
         <name>.debug_info</name>
         <load_address>0x14d34</load_address>
         <run_address>0x14d34</run_address>
         <size>0x575</size>
         <input_file_ref idref="fl-21"/>
      </object_component>
      <object_component id="oc-6e">
         <name>.debug_info</name>
         <load_address>0x152a9</load_address>
         <run_address>0x152a9</run_address>
         <size>0x1c6</size>
         <input_file_ref idref="fl-22"/>
      </object_component>
      <object_component id="oc-72">
         <name>.debug_info</name>
         <load_address>0x1546f</load_address>
         <run_address>0x1546f</run_address>
         <size>0x1e7</size>
         <input_file_ref idref="fl-23"/>
      </object_component>
      <object_component id="oc-a9">
         <name>.debug_info</name>
         <load_address>0x15656</load_address>
         <run_address>0x15656</run_address>
         <size>0x9f</size>
      </object_component>
      <object_component id="oc-17">
         <name>.debug_frame</name>
         <load_address>0x0</load_address>
         <run_address>0x0</run_address>
         <size>0x3a8</size>
         <input_file_ref idref="fl-2"/>
      </object_component>
      <object_component id="oc-1c">
         <name>.debug_frame</name>
         <load_address>0x3a8</load_address>
         <run_address>0x3a8</run_address>
         <size>0x69c</size>
         <input_file_ref idref="fl-3"/>
      </object_component>
      <object_component id="oc-21">
         <name>.debug_frame</name>
         <load_address>0xa44</load_address>
         <run_address>0xa44</run_address>
         <size>0x1cc</size>
         <input_file_ref idref="fl-4"/>
      </object_component>
      <object_component id="oc-26">
         <name>.debug_frame</name>
         <load_address>0xc10</load_address>
         <run_address>0xc10</run_address>
         <size>0x94</size>
         <input_file_ref idref="fl-5"/>
      </object_component>
      <object_component id="oc-2b">
         <name>.debug_frame</name>
         <load_address>0xca4</load_address>
         <run_address>0xca4</run_address>
         <size>0x98</size>
         <input_file_ref idref="fl-6"/>
      </object_component>
      <object_component id="oc-30">
         <name>.debug_frame</name>
         <load_address>0xd3c</load_address>
         <run_address>0xd3c</run_address>
         <size>0x204</size>
         <input_file_ref idref="fl-7"/>
      </object_component>
      <object_component id="oc-35">
         <name>.debug_frame</name>
         <load_address>0xf40</load_address>
         <run_address>0xf40</run_address>
         <size>0x664</size>
         <input_file_ref idref="fl-8"/>
      </object_component>
      <object_component id="oc-3a">
         <name>.debug_frame</name>
         <load_address>0x15a4</load_address>
         <run_address>0x15a4</run_address>
         <size>0x15c</size>
         <input_file_ref idref="fl-9"/>
      </object_component>
      <object_component id="oc-45">
         <name>.debug_frame</name>
         <load_address>0x1700</load_address>
         <run_address>0x1700</run_address>
         <size>0x60</size>
         <input_file_ref idref="fl-1a"/>
      </object_component>
      <object_component id="oc-4a">
         <name>.debug_frame</name>
         <load_address>0x1760</load_address>
         <run_address>0x1760</run_address>
         <size>0x40</size>
         <input_file_ref idref="fl-1b"/>
      </object_component>
      <object_component id="oc-4f">
         <name>.debug_frame</name>
         <load_address>0x17a0</load_address>
         <run_address>0x17a0</run_address>
         <size>0x40</size>
         <input_file_ref idref="fl-1c"/>
      </object_component>
      <object_component id="oc-54">
         <name>.debug_frame</name>
         <load_address>0x17e0</load_address>
         <run_address>0x17e0</run_address>
         <size>0x40</size>
         <input_file_ref idref="fl-1d"/>
      </object_component>
      <object_component id="oc-5b">
         <name>.debug_frame</name>
         <load_address>0x1820</load_address>
         <run_address>0x1820</run_address>
         <size>0x60</size>
         <input_file_ref idref="fl-1e"/>
      </object_component>
      <object_component id="oc-60">
         <name>.debug_frame</name>
         <load_address>0x1880</load_address>
         <run_address>0x1880</run_address>
         <size>0x70</size>
         <input_file_ref idref="fl-1f"/>
      </object_component>
      <object_component id="oc-65">
         <name>.debug_frame</name>
         <load_address>0x18f0</load_address>
         <run_address>0x18f0</run_address>
         <size>0x40</size>
         <input_file_ref idref="fl-20"/>
      </object_component>
      <object_component id="oc-6a">
         <name>.debug_frame</name>
         <load_address>0x1930</load_address>
         <run_address>0x1930</run_address>
         <size>0x60</size>
         <input_file_ref idref="fl-21"/>
      </object_component>
      <object_component id="oc-18">
         <name>.debug_line</name>
         <load_address>0x0</load_address>
         <run_address>0x0</run_address>
         <size>0x45b</size>
         <input_file_ref idref="fl-2"/>
      </object_component>
      <object_component id="oc-1d">
         <name>.debug_line</name>
         <load_address>0x45b</load_address>
         <run_address>0x45b</run_address>
         <size>0x755</size>
         <input_file_ref idref="fl-3"/>
      </object_component>
      <object_component id="oc-22">
         <name>.debug_line</name>
         <load_address>0xbb0</load_address>
         <run_address>0xbb0</run_address>
         <size>0x2f8</size>
         <input_file_ref idref="fl-4"/>
      </object_component>
      <object_component id="oc-27">
         <name>.debug_line</name>
         <load_address>0xea8</load_address>
         <run_address>0xea8</run_address>
         <size>0x105</size>
         <input_file_ref idref="fl-5"/>
      </object_component>
      <object_component id="oc-2c">
         <name>.debug_line</name>
         <load_address>0xfad</load_address>
         <run_address>0xfad</run_address>
         <size>0xbb</size>
         <input_file_ref idref="fl-6"/>
      </object_component>
      <object_component id="oc-31">
         <name>.debug_line</name>
         <load_address>0x1068</load_address>
         <run_address>0x1068</run_address>
         <size>0x239</size>
         <input_file_ref idref="fl-7"/>
      </object_component>
      <object_component id="oc-36">
         <name>.debug_line</name>
         <load_address>0x12a1</load_address>
         <run_address>0x12a1</run_address>
         <size>0x785</size>
         <input_file_ref idref="fl-8"/>
      </object_component>
      <object_component id="oc-3b">
         <name>.debug_line</name>
         <load_address>0x1a26</load_address>
         <run_address>0x1a26</run_address>
         <size>0x185</size>
         <input_file_ref idref="fl-9"/>
      </object_component>
      <object_component id="oc-41">
         <name>.debug_line</name>
         <load_address>0x1bab</load_address>
         <run_address>0x1bab</run_address>
         <size>0x7e</size>
         <input_file_ref idref="fl-19"/>
      </object_component>
      <object_component id="oc-46">
         <name>.debug_line</name>
         <load_address>0x1c29</load_address>
         <run_address>0x1c29</run_address>
         <size>0x50</size>
         <input_file_ref idref="fl-1a"/>
      </object_component>
      <object_component id="oc-4b">
         <name>.debug_line</name>
         <load_address>0x1c79</load_address>
         <run_address>0x1c79</run_address>
         <size>0x62</size>
         <input_file_ref idref="fl-1b"/>
      </object_component>
      <object_component id="oc-50">
         <name>.debug_line</name>
         <load_address>0x1cdb</load_address>
         <run_address>0x1cdb</run_address>
         <size>0x3e</size>
         <input_file_ref idref="fl-1c"/>
      </object_component>
      <object_component id="oc-55">
         <name>.debug_line</name>
         <load_address>0x1d19</load_address>
         <run_address>0x1d19</run_address>
         <size>0x3a</size>
         <input_file_ref idref="fl-1d"/>
      </object_component>
      <object_component id="oc-5c">
         <name>.debug_line</name>
         <load_address>0x1d53</load_address>
         <run_address>0x1d53</run_address>
         <size>0x65</size>
         <input_file_ref idref="fl-1e"/>
      </object_component>
      <object_component id="oc-61">
         <name>.debug_line</name>
         <load_address>0x1db8</load_address>
         <run_address>0x1db8</run_address>
         <size>0x5e</size>
         <input_file_ref idref="fl-1f"/>
      </object_component>
      <object_component id="oc-66">
         <name>.debug_line</name>
         <load_address>0x1e16</load_address>
         <run_address>0x1e16</run_address>
         <size>0x4f</size>
         <input_file_ref idref="fl-20"/>
      </object_component>
      <object_component id="oc-6b">
         <name>.debug_line</name>
         <load_address>0x1e65</load_address>
         <run_address>0x1e65</run_address>
         <size>0xdd</size>
         <input_file_ref idref="fl-21"/>
      </object_component>
      <object_component id="oc-19">
         <name>.debug_abbrev</name>
         <load_address>0x0</load_address>
         <run_address>0x0</run_address>
         <size>0x18a</size>
         <input_file_ref idref="fl-2"/>
      </object_component>
      <object_component id="oc-1e">
         <name>.debug_abbrev</name>
         <load_address>0x18a</load_address>
         <run_address>0x18a</run_address>
         <size>0x16b</size>
         <input_file_ref idref="fl-3"/>
      </object_component>
      <object_component id="oc-23">
         <name>.debug_abbrev</name>
         <load_address>0x2f5</load_address>
         <run_address>0x2f5</run_address>
         <size>0x16d</size>
         <input_file_ref idref="fl-4"/>
      </object_component>
      <object_component id="oc-28">
         <name>.debug_abbrev</name>
         <load_address>0x462</load_address>
         <run_address>0x462</run_address>
         <size>0x196</size>
         <input_file_ref idref="fl-5"/>
      </object_component>
      <object_component id="oc-2d">
         <name>.debug_abbrev</name>
         <load_address>0x5f8</load_address>
         <run_address>0x5f8</run_address>
         <size>0x100</size>
         <input_file_ref idref="fl-6"/>
      </object_component>
      <object_component id="oc-32">
         <name>.debug_abbrev</name>
         <load_address>0x6f8</load_address>
         <run_address>0x6f8</run_address>
         <size>0x16b</size>
         <input_file_ref idref="fl-7"/>
      </object_component>
      <object_component id="oc-37">
         <name>.debug_abbrev</name>
         <load_address>0x863</load_address>
         <run_address>0x863</run_address>
         <size>0x1a0</size>
         <input_file_ref idref="fl-8"/>
      </object_component>
      <object_component id="oc-3c">
         <name>.debug_abbrev</name>
         <load_address>0xa03</load_address>
         <run_address>0xa03</run_address>
         <size>0x114</size>
         <input_file_ref idref="fl-9"/>
      </object_component>
      <object_component id="oc-42">
         <name>.debug_abbrev</name>
         <load_address>0xb17</load_address>
         <run_address>0xb17</run_address>
         <size>0x46</size>
         <input_file_ref idref="fl-19"/>
      </object_component>
      <object_component id="oc-47">
         <name>.debug_abbrev</name>
         <load_address>0xb5d</load_address>
         <run_address>0xb5d</run_address>
         <size>0xe3</size>
         <input_file_ref idref="fl-1a"/>
      </object_component>
      <object_component id="oc-4c">
         <name>.debug_abbrev</name>
         <load_address>0xc40</load_address>
         <run_address>0xc40</run_address>
         <size>0xa8</size>
         <input_file_ref idref="fl-1b"/>
      </object_component>
      <object_component id="oc-51">
         <name>.debug_abbrev</name>
         <load_address>0xce8</load_address>
         <run_address>0xce8</run_address>
         <size>0x68</size>
         <input_file_ref idref="fl-1c"/>
      </object_component>
      <object_component id="oc-56">
         <name>.debug_abbrev</name>
         <load_address>0xd50</load_address>
         <run_address>0xd50</run_address>
         <size>0x66</size>
         <input_file_ref idref="fl-1d"/>
      </object_component>
      <object_component id="oc-5d">
         <name>.debug_abbrev</name>
         <load_address>0xdb6</load_address>
         <run_address>0xdb6</run_address>
         <size>0x130</size>
         <input_file_ref idref="fl-1e"/>
      </object_component>
      <object_component id="oc-62">
         <name>.debug_abbrev</name>
         <load_address>0xee6</load_address>
         <run_address>0xee6</run_address>
         <size>0xb2</size>
         <input_file_ref idref="fl-1f"/>
      </object_component>
      <object_component id="oc-67">
         <name>.debug_abbrev</name>
         <load_address>0xf98</load_address>
         <run_address>0xf98</run_address>
         <size>0xee</size>
         <input_file_ref idref="fl-20"/>
      </object_component>
      <object_component id="oc-6c">
         <name>.debug_abbrev</name>
         <load_address>0x1086</load_address>
         <run_address>0x1086</run_address>
         <size>0xc8</size>
         <input_file_ref idref="fl-21"/>
      </object_component>
      <object_component id="oc-71">
         <name>.debug_abbrev</name>
         <load_address>0x114e</load_address>
         <run_address>0x114e</run_address>
         <size>0x31</size>
         <input_file_ref idref="fl-22"/>
      </object_component>
      <object_component id="oc-73">
         <name>.debug_abbrev</name>
         <load_address>0x117f</load_address>
         <run_address>0x117f</run_address>
         <size>0x57</size>
         <input_file_ref idref="fl-23"/>
      </object_component>
      <object_component id="oc-aa">
         <name>.debug_abbrev</name>
         <load_address>0x11d6</load_address>
         <run_address>0x11d6</run_address>
         <size>0xf</size>
      </object_component>
      <object_component id="oc-1a">
         <name>.debug_aranges</name>
         <load_address>0x0</load_address>
         <run_address>0x0</run_address>
         <size>0x118</size>
         <input_file_ref idref="fl-2"/>
      </object_component>
      <object_component id="oc-1f">
         <name>.debug_aranges</name>
         <load_address>0x118</load_address>
         <run_address>0x118</run_address>
         <size>0x1f0</size>
         <input_file_ref idref="fl-3"/>
      </object_component>
      <object_component id="oc-24">
         <name>.debug_aranges</name>
         <load_address>0x308</load_address>
         <run_address>0x308</run_address>
         <size>0x90</size>
         <input_file_ref idref="fl-4"/>
      </object_component>
      <object_component id="oc-29">
         <name>.debug_aranges</name>
         <load_address>0x398</load_address>
         <run_address>0x398</run_address>
         <size>0x38</size>
         <input_file_ref idref="fl-5"/>
      </object_component>
      <object_component id="oc-2e">
         <name>.debug_aranges</name>
         <load_address>0x3d0</load_address>
         <run_address>0x3d0</run_address>
         <size>0x38</size>
         <input_file_ref idref="fl-6"/>
      </object_component>
      <object_component id="oc-33">
         <name>.debug_aranges</name>
         <load_address>0x408</load_address>
         <run_address>0x408</run_address>
         <size>0xa0</size>
         <input_file_ref idref="fl-7"/>
      </object_component>
      <object_component id="oc-38">
         <name>.debug_aranges</name>
         <load_address>0x4a8</load_address>
         <run_address>0x4a8</run_address>
         <size>0x1e0</size>
         <input_file_ref idref="fl-8"/>
      </object_component>
      <object_component id="oc-3d">
         <name>.debug_aranges</name>
         <load_address>0x688</load_address>
         <run_address>0x688</run_address>
         <size>0x70</size>
         <input_file_ref idref="fl-9"/>
      </object_component>
      <object_component id="oc-43">
         <name>.debug_aranges</name>
         <load_address>0x6f8</load_address>
         <run_address>0x6f8</run_address>
         <size>0x20</size>
         <input_file_ref idref="fl-19"/>
      </object_component>
      <object_component id="oc-48">
         <name>.debug_aranges</name>
         <load_address>0x718</load_address>
         <run_address>0x718</run_address>
         <size>0x20</size>
         <input_file_ref idref="fl-1a"/>
      </object_component>
      <object_component id="oc-4d">
         <name>.debug_aranges</name>
         <load_address>0x738</load_address>
         <run_address>0x738</run_address>
         <size>0x20</size>
         <input_file_ref idref="fl-1b"/>
      </object_component>
      <object_component id="oc-52">
         <name>.debug_aranges</name>
         <load_address>0x758</load_address>
         <run_address>0x758</run_address>
         <size>0x20</size>
         <input_file_ref idref="fl-1c"/>
      </object_component>
      <object_component id="oc-57">
         <name>.debug_aranges</name>
         <load_address>0x778</load_address>
         <run_address>0x778</run_address>
         <size>0x20</size>
         <input_file_ref idref="fl-1d"/>
      </object_component>
      <object_component id="oc-5e">
         <name>.debug_aranges</name>
         <load_address>0x798</load_address>
         <run_address>0x798</run_address>
         <size>0x28</size>
         <input_file_ref idref="fl-1e"/>
      </object_component>
      <object_component id="oc-63">
         <name>.debug_aranges</name>
         <load_address>0x7c0</load_address>
         <run_address>0x7c0</run_address>
         <size>0x30</size>
         <input_file_ref idref="fl-1f"/>
      </object_component>
      <object_component id="oc-68">
         <name>.debug_aranges</name>
         <load_address>0x7f0</load_address>
         <run_address>0x7f0</run_address>
         <size>0x20</size>
         <input_file_ref idref="fl-20"/>
      </object_component>
      <object_component id="oc-6d">
         <name>.debug_aranges</name>
         <load_address>0x810</load_address>
         <run_address>0x810</run_address>
         <size>0x20</size>
         <input_file_ref idref="fl-21"/>
      </object_component>
   </object_component_list>
   <logical_group_list>
      <logical_group id="lg-2" display="no" color="cyan">
         <name>codestart</name>
         <run_address>0x0</run_address>
         <size>0x0</size>
         <contents>
         </contents>
      </logical_group>
      <logical_group id="lg-3" display="no" color="cyan">
         <name>.TI.ramfunc</name>
         <run_address>0x0</run_address>
         <size>0x0</size>
         <contents>
         </contents>
      </logical_group>
      <logical_group id="lg-4" display="no" color="cyan">
         <name>.text</name>
         <load_address>0x8000</load_address>
         <run_address>0x8000</run_address>
         <size>0xf7d</size>
         <contents>
            <object_component_ref idref="oc-7e"/>
            <object_component_ref idref="oc-7f"/>
            <object_component_ref idref="oc-83"/>
            <object_component_ref idref="oc-7d"/>
            <object_component_ref idref="oc-81"/>
            <object_component_ref idref="oc-85"/>
            <object_component_ref idref="oc-7a"/>
            <object_component_ref idref="oc-82"/>
            <object_component_ref idref="oc-15"/>
            <object_component_ref idref="oc-84"/>
            <object_component_ref idref="oc-78"/>
            <object_component_ref idref="oc-75"/>
            <object_component_ref idref="oc-79"/>
            <object_component_ref idref="oc-77"/>
            <object_component_ref idref="oc-86"/>
            <object_component_ref idref="oc-74"/>
            <object_component_ref idref="oc-76"/>
         </contents>
      </logical_group>
      <logical_group id="lg-5" display="no" color="cyan">
         <name>.cinit</name>
         <load_address>0x50</load_address>
         <run_address>0x50</run_address>
         <size>0x1e</size>
         <contents>
            <object_component_ref idref="oc-59"/>
            <object_component_ref idref="oc-7c"/>
            <object_component_ref idref="oc-87"/>
            <object_component_ref idref="oc-6f"/>
         </contents>
      </logical_group>
      <logical_group id="lg-6" display="no" color="cyan">
         <name>.pinit</name>
         <run_address>0x0</run_address>
         <size>0x0</size>
         <contents>
         </contents>
      </logical_group>
      <logical_group id="lg-7" display="no" color="cyan">
         <name>.switch</name>
         <run_address>0x0</run_address>
         <size>0x0</size>
         <contents>
         </contents>
      </logical_group>
      <logical_group id="lg-8" display="no" color="cyan">
         <name>.reset</name>
         <load_address>0x3fffc0</load_address>
         <run_address>0x3fffc0</run_address>
         <size>0x2</size>
         <contents>
            <object_component_ref idref="oc-3f"/>
         </contents>
      </logical_group>
      <logical_group id="lg-9" display="no" color="cyan">
         <name>.stack</name>
         <run_address>0x400</run_address>
         <size>0x400</size>
         <contents>
            <object_component_ref idref="oc-3e"/>
            <object_component_ref idref="oc-a8"/>
         </contents>
      </logical_group>
      <logical_group id="lg-a" display="no" color="cyan">
         <name>.ebss</name>
         <run_address>0xa120</run_address>
         <size>0xb</size>
         <contents>
            <object_component_ref idref="oc-5a"/>
            <object_component_ref idref="oc-7b"/>
            <object_component_ref idref="oc-89"/>
            <object_component_ref idref="oc-70"/>
         </contents>
      </logical_group>
      <logical_group id="lg-b" display="no" color="cyan">
         <name>.econst</name>
         <load_address>0xa000</load_address>
         <run_address>0xa000</run_address>
         <size>0x11f</size>
         <contents>
            <object_component_ref idref="oc-88"/>
            <object_component_ref idref="oc-80"/>
         </contents>
      </logical_group>
      <logical_group id="lg-c" display="no" color="cyan">
         <name>.esysmem</name>
         <run_address>0x0</run_address>
         <size>0x0</size>
         <contents>
         </contents>
      </logical_group>
      <logical_group id="lg-d" display="no" color="cyan">
         <name>IQmath</name>
         <run_address>0x0</run_address>
         <size>0x0</size>
         <contents>
         </contents>
      </logical_group>
      <logical_group id="lg-e" display="no" color="cyan">
         <name>IQmathTables</name>
         <run_address>0x0</run_address>
         <size>0x0</size>
         <contents>
         </contents>
      </logical_group>
      <logical_group id="lg-f" display="no" color="cyan">
         <name>FPUmathTables</name>
         <run_address>0x0</run_address>
         <size>0x0</size>
         <contents>
         </contents>
      </logical_group>
      <logical_group id="lg-10" display="no" color="cyan">
         <name>DMARAML5</name>
         <run_address>0x0</run_address>
         <size>0x0</size>
         <contents>
         </contents>
      </logical_group>
      <logical_group id="lg-11" display="no" color="cyan">
         <name>DMARAML6</name>
         <run_address>0x0</run_address>
         <size>0x0</size>
         <contents>
         </contents>
      </logical_group>
      <logical_group id="lg-12" display="no" color="cyan">
         <name>DMARAML7</name>
         <run_address>0x0</run_address>
         <size>0x0</size>
         <contents>
         </contents>
      </logical_group>
      <logical_group id="lg-13" display="no" color="cyan">
         <name>DMARAML8</name>
         <run_address>0x0</run_address>
         <size>0x0</size>
         <contents>
         </contents>
      </logical_group>
      <logical_group id="lg-9c" display="never" color="cyan">
         <name>.debug_info</name>
         <load_address>0x0</load_address>
         <run_address>0x0</run_address>
         <size>0x156f5</size>
         <contents>
            <object_component_ref idref="oc-16"/>
            <object_component_ref idref="oc-1b"/>
            <object_component_ref idref="oc-20"/>
            <object_component_ref idref="oc-25"/>
            <object_component_ref idref="oc-2a"/>
            <object_component_ref idref="oc-2f"/>
            <object_component_ref idref="oc-34"/>
            <object_component_ref idref="oc-39"/>
            <object_component_ref idref="oc-40"/>
            <object_component_ref idref="oc-44"/>
            <object_component_ref idref="oc-49"/>
            <object_component_ref idref="oc-4e"/>
            <object_component_ref idref="oc-53"/>
            <object_component_ref idref="oc-58"/>
            <object_component_ref idref="oc-5f"/>
            <object_component_ref idref="oc-64"/>
            <object_component_ref idref="oc-69"/>
            <object_component_ref idref="oc-6e"/>
            <object_component_ref idref="oc-72"/>
            <object_component_ref idref="oc-a9"/>
         </contents>
      </logical_group>
      <logical_group id="lg-9e" display="never" color="cyan">
         <name>.debug_frame</name>
         <load_address>0x0</load_address>
         <run_address>0x0</run_address>
         <size>0x1990</size>
         <contents>
            <object_component_ref idref="oc-17"/>
            <object_component_ref idref="oc-1c"/>
            <object_component_ref idref="oc-21"/>
            <object_component_ref idref="oc-26"/>
            <object_component_ref idref="oc-2b"/>
            <object_component_ref idref="oc-30"/>
            <object_component_ref idref="oc-35"/>
            <object_component_ref idref="oc-3a"/>
            <object_component_ref idref="oc-45"/>
            <object_component_ref idref="oc-4a"/>
            <object_component_ref idref="oc-4f"/>
            <object_component_ref idref="oc-54"/>
            <object_component_ref idref="oc-5b"/>
            <object_component_ref idref="oc-60"/>
            <object_component_ref idref="oc-65"/>
            <object_component_ref idref="oc-6a"/>
         </contents>
      </logical_group>
      <logical_group id="lg-a0" display="never" color="cyan">
         <name>.debug_line</name>
         <load_address>0x0</load_address>
         <run_address>0x0</run_address>
         <size>0x1f42</size>
         <contents>
            <object_component_ref idref="oc-18"/>
            <object_component_ref idref="oc-1d"/>
            <object_component_ref idref="oc-22"/>
            <object_component_ref idref="oc-27"/>
            <object_component_ref idref="oc-2c"/>
            <object_component_ref idref="oc-31"/>
            <object_component_ref idref="oc-36"/>
            <object_component_ref idref="oc-3b"/>
            <object_component_ref idref="oc-41"/>
            <object_component_ref idref="oc-46"/>
            <object_component_ref idref="oc-4b"/>
            <object_component_ref idref="oc-50"/>
            <object_component_ref idref="oc-55"/>
            <object_component_ref idref="oc-5c"/>
            <object_component_ref idref="oc-61"/>
            <object_component_ref idref="oc-66"/>
            <object_component_ref idref="oc-6b"/>
         </contents>
      </logical_group>
      <logical_group id="lg-a2" display="never" color="cyan">
         <name>.debug_abbrev</name>
         <load_address>0x0</load_address>
         <run_address>0x0</run_address>
         <size>0x11e5</size>
         <contents>
            <object_component_ref idref="oc-19"/>
            <object_component_ref idref="oc-1e"/>
            <object_component_ref idref="oc-23"/>
            <object_component_ref idref="oc-28"/>
            <object_component_ref idref="oc-2d"/>
            <object_component_ref idref="oc-32"/>
            <object_component_ref idref="oc-37"/>
            <object_component_ref idref="oc-3c"/>
            <object_component_ref idref="oc-42"/>
            <object_component_ref idref="oc-47"/>
            <object_component_ref idref="oc-4c"/>
            <object_component_ref idref="oc-51"/>
            <object_component_ref idref="oc-56"/>
            <object_component_ref idref="oc-5d"/>
            <object_component_ref idref="oc-62"/>
            <object_component_ref idref="oc-67"/>
            <object_component_ref idref="oc-6c"/>
            <object_component_ref idref="oc-71"/>
            <object_component_ref idref="oc-73"/>
            <object_component_ref idref="oc-aa"/>
         </contents>
      </logical_group>
      <logical_group id="lg-a4" display="never" color="cyan">
         <name>.debug_aranges</name>
         <load_address>0x0</load_address>
         <run_address>0x0</run_address>
         <size>0x830</size>
         <contents>
            <object_component_ref idref="oc-1a"/>
            <object_component_ref idref="oc-1f"/>
            <object_component_ref idref="oc-24"/>
            <object_component_ref idref="oc-29"/>
            <object_component_ref idref="oc-2e"/>
            <object_component_ref idref="oc-33"/>
            <object_component_ref idref="oc-38"/>
            <object_component_ref idref="oc-3d"/>
            <object_component_ref idref="oc-43"/>
            <object_component_ref idref="oc-48"/>
            <object_component_ref idref="oc-4d"/>
            <object_component_ref idref="oc-52"/>
            <object_component_ref idref="oc-57"/>
            <object_component_ref idref="oc-5e"/>
            <object_component_ref idref="oc-63"/>
            <object_component_ref idref="oc-68"/>
            <object_component_ref idref="oc-6d"/>
         </contents>
      </logical_group>
   </logical_group_list>
   <placement_map>
      <memory_area display="no" color="green">
         <name>BEGIN</name>
         <page_id>0x0</page_id>
         <origin>0x0</origin>
         <length>0x2</length>
         <used_space>0x0</used_space>
         <unused_space>0x2</unused_space>
         <attributes>RWIX</attributes>
         <usage_details>
         </usage_details>
      </memory_area>
      <memory_area display="yes" color="green">
         <name>RAMM0</name>
         <page_id>0x0</page_id>
         <origin>0x50</origin>
         <length>0x3b0</length>
         <used_space>0x1e</used_space>
         <unused_space>0x392</unused_space>
         <attributes>RWIX</attributes>
         <usage_details>
            <allocated_space>
               <start_address>0x50</start_address>
               <size>0x1e</size>
               <logical_group_ref idref="lg-5"/>
            </allocated_space>
            <available_space>
               <start_address>0x6e</start_address>
               <size>0x392</size>
            </available_space>
         </usage_details>
      </memory_area>
      <memory_area display="yes" color="green">
         <name>RAML0_L3</name>
         <page_id>0x0</page_id>
         <origin>0x8000</origin>
         <length>0x2000</length>
         <used_space>0xf7d</used_space>
         <unused_space>0x1083</unused_space>
         <attributes>RWIX</attributes>
         <usage_details>
            <allocated_space>
               <start_address>0x8000</start_address>
               <size>0xf7d</size>
               <logical_group_ref idref="lg-4"/>
            </allocated_space>
            <available_space>
               <start_address>0x8f7d</start_address>
               <size>0x1083</size>
            </available_space>
         </usage_details>
      </memory_area>
      <memory_area display="yes" color="green">
         <name>FPUTABLES</name>
         <page_id>0x0</page_id>
         <origin>0x3fd860</origin>
         <length>0x6a0</length>
         <used_space>0x0</used_space>
         <unused_space>0x6a0</unused_space>
         <attributes>RWIX</attributes>
         <usage_details>
         </usage_details>
      </memory_area>
      <memory_area display="yes" color="green">
         <name>IQTABLES</name>
         <page_id>0x0</page_id>
         <origin>0x3fdf00</origin>
         <length>0xb50</length>
         <used_space>0x0</used_space>
         <unused_space>0xb50</unused_space>
         <attributes>RWIX</attributes>
         <usage_details>
         </usage_details>
      </memory_area>
      <memory_area display="yes" color="green">
         <name>IQTABLES2</name>
         <page_id>0x0</page_id>
         <origin>0x3fea50</origin>
         <length>0x8c</length>
         <used_space>0x0</used_space>
         <unused_space>0x8c</unused_space>
         <attributes>RWIX</attributes>
         <usage_details>
         </usage_details>
      </memory_area>
      <memory_area display="yes" color="green">
         <name>IQTABLES3</name>
         <page_id>0x0</page_id>
         <origin>0x3feadc</origin>
         <length>0xaa</length>
         <used_space>0x0</used_space>
         <unused_space>0xaa</unused_space>
         <attributes>RWIX</attributes>
         <usage_details>
         </usage_details>
      </memory_area>
      <memory_area display="yes" color="green">
         <name>BOOTROM</name>
         <page_id>0x0</page_id>
         <origin>0x3ff3b0</origin>
         <length>0xc10</length>
         <used_space>0x0</used_space>
         <unused_space>0xc10</unused_space>
         <attributes>RWIX</attributes>
         <usage_details>
         </usage_details>
      </memory_area>
      <memory_area display="no" color="green">
         <name>RESET</name>
         <page_id>0x0</page_id>
         <origin>0x3fffc0</origin>
         <length>0x2</length>
         <used_space>0x0</used_space>
         <unused_space>0x2</unused_space>
         <attributes>RWIX</attributes>
         <usage_details>
         </usage_details>
      </memory_area>
      <memory_area display="no" color="green">
         <name>BOOT_RSVD</name>
         <page_id>0x1</page_id>
         <origin>0x2</origin>
         <length>0x4e</length>
         <used_space>0x0</used_space>
         <unused_space>0x4e</unused_space>
         <attributes>RWIX</attributes>
         <usage_details>
         </usage_details>
      </memory_area>
      <memory_area display="yes" color="green">
         <name>RAMM1</name>
         <page_id>0x1</page_id>
         <origin>0x400</origin>
         <length>0x400</length>
         <used_space>0x400</used_space>
         <unused_space>0x0</unused_space>
         <attributes>RWIX</attributes>
         <usage_details>
            <allocated_space>
               <start_address>0x400</start_address>
               <size>0x400</size>
               <logical_group_ref idref="lg-9"/>
            </allocated_space>
         </usage_details>
      </memory_area>
      <memory_area display="yes" color="green">
         <name>RAML4</name>
         <page_id>0x1</page_id>
         <origin>0xa000</origin>
         <length>0x2000</length>
         <used_space>0x12a</used_space>
         <unused_space>0x1ed6</unused_space>
         <attributes>RWIX</attributes>
         <usage_details>
            <allocated_space>
               <start_address>0xa000</start_address>
               <size>0x11f</size>
               <logical_group_ref idref="lg-b"/>
            </allocated_space>
            <available_space>
               <start_address>0xa11f</start_address>
               <size>0x1</size>
            </available_space>
            <allocated_space>
               <start_address>0xa120</start_address>
               <size>0xb</size>
               <logical_group_ref idref="lg-a"/>
            </allocated_space>
            <available_space>
               <start_address>0xa12b</start_address>
               <size>0x1ed5</size>
            </available_space>
         </usage_details>
      </memory_area>
      <memory_area display="yes" color="green">
         <name>RAML5</name>
         <page_id>0x1</page_id>
         <origin>0xc000</origin>
         <length>0x2000</length>
         <used_space>0x0</used_space>
         <unused_space>0x2000</unused_space>
         <attributes>RWIX</attributes>
         <usage_details>
         </usage_details>
      </memory_area>
      <memory_area display="yes" color="green">
         <name>RAML6</name>
         <page_id>0x1</page_id>
         <origin>0xe000</origin>
         <length>0x2000</length>
         <used_space>0x0</used_space>
         <unused_space>0x2000</unused_space>
         <attributes>RWIX</attributes>
         <usage_details>
         </usage_details>
      </memory_area>
      <memory_area display="yes" color="green">
         <name>RAML7</name>
         <page_id>0x1</page_id>
         <origin>0x10000</origin>
         <length>0x2000</length>
         <used_space>0x0</used_space>
         <unused_space>0x2000</unused_space>
         <attributes>RWIX</attributes>
         <usage_details>
         </usage_details>
      </memory_area>
      <memory_area display="yes" color="green">
         <name>RAML8</name>
         <page_id>0x1</page_id>
         <origin>0x12000</origin>
         <length>0x2000</length>
         <used_space>0x0</used_space>
         <unused_space>0x2000</unused_space>
         <attributes>RWIX</attributes>
         <usage_details>
         </usage_details>
      </memory_area>
      <memory_area display="yes" color="green">
         <name>USB_RAM</name>
         <page_id>0x1</page_id>
         <origin>0x40000</origin>
         <length>0x800</length>
         <used_space>0x0</used_space>
         <unused_space>0x800</unused_space>
         <attributes>RWIX</attributes>
         <usage_details>
         </usage_details>
      </memory_area>
   </placement_map>
   <symbol_table>
      <symbol id="sm-0">
         <name>cinit</name>
         <value>0x50</value>
      </symbol>
      <symbol id="sm-1">
         <name>___cinit__</name>
         <value>0x50</value>
      </symbol>
      <symbol id="sm-2">
         <name>pinit</name>
         <value>0xffffffff</value>
      </symbol>
      <symbol id="sm-3">
         <name>___pinit__</name>
         <value>0xffffffff</value>
      </symbol>
      <symbol id="sm-4">
         <name>binit</name>
         <value>0xffffffff</value>
      </symbol>
      <symbol id="sm-5">
         <name>___binit__</name>
         <value>0xffffffff</value>
      </symbol>
      <symbol id="sm-6">
         <name>__STACK_SIZE</name>
         <value>0x400</value>
      </symbol>
      <symbol id="sm-7">
         <name>__STACK_END</name>
         <value>0x800</value>
      </symbol>
      <symbol id="sm-8">
         <name>___c_args__</name>
         <value>0xffffffff</value>
      </symbol>
      <symbol id="sm-9">
         <name>.text</name>
         <value>0x8000</value>
      </symbol>
      <symbol id="sm-a">
         <name>___text__</name>
         <value>0x8000</value>
      </symbol>
      <symbol id="sm-b">
         <name>etext</name>
         <value>0x8f7d</value>
      </symbol>
      <symbol id="sm-c">
         <name>___etext__</name>
         <value>0x8f7d</value>
      </symbol>
      <symbol id="sm-d">
         <name>___TI_pprof_out_hndl</name>
         <value>0xffffffff</value>
      </symbol>
      <symbol id="sm-e">
         <name>___TI_prof_data_start</name>
         <value>0xffffffff</value>
      </symbol>
      <symbol id="sm-f">
         <name>___TI_prof_data_size</name>
         <value>0xffffffff</value>
      </symbol>
      <symbol id="sm-52">
         <name>_ADC_reset</name>
         <value>0x86fe</value>
         <object_component_ref idref="oc-83"/>
      </symbol>
      <symbol id="sm-54">
         <name>_ADC_setTempSensorSrc</name>
         <value>0x8825</value>
         <object_component_ref idref="oc-83"/>
      </symbol>
      <symbol id="sm-56">
         <name>_ADC_setVoltRefSrc</name>
         <value>0x883d</value>
         <object_component_ref idref="oc-83"/>
      </symbol>
      <symbol id="sm-58">
         <name>_ADC_disableVoltRefLoConv</name>
         <value>0x8903</value>
         <object_component_ref idref="oc-83"/>
      </symbol>
      <symbol id="sm-5a">
         <name>_ADC_setSocFrcWord</name>
         <value>0x8814</value>
         <object_component_ref idref="oc-83"/>
      </symbol>
      <symbol id="sm-5c">
         <name>_ADC_enableBandGap</name>
         <value>0x8690</value>
         <object_component_ref idref="oc-83"/>
      </symbol>
      <symbol id="sm-5e">
         <name>_ADC_setSampleOverlapMode</name>
         <value>0x870e</value>
         <object_component_ref idref="oc-83"/>
      </symbol>
      <symbol id="sm-60">
         <name>_ADC_disableNoOverlapMode</name>
         <value>0x888f</value>
         <object_component_ref idref="oc-83"/>
      </symbol>
      <symbol id="sm-62">
         <name>_ADC_setupSocTrigSrc</name>
         <value>0x889f</value>
         <object_component_ref idref="oc-83"/>
      </symbol>
      <symbol id="sm-64">
         <name>_ADC_setSocSampleDelay</name>
         <value>0x87ce</value>
         <object_component_ref idref="oc-83"/>
      </symbol>
      <symbol id="sm-66">
         <name>_ADC_enableRefBuffers</name>
         <value>0x86bf</value>
         <object_component_ref idref="oc-83"/>
      </symbol>
      <symbol id="sm-68">
         <name>_ADC_setIntMode</name>
         <value>0x8729</value>
         <object_component_ref idref="oc-83"/>
      </symbol>
      <symbol id="sm-6a">
         <name>_ADC_setSocChanNumber</name>
         <value>0x87b5</value>
         <object_component_ref idref="oc-83"/>
      </symbol>
      <symbol id="sm-6c">
         <name>_ADC_powerDown</name>
         <value>0x86de</value>
         <object_component_ref idref="oc-83"/>
      </symbol>
      <symbol id="sm-6e">
         <name>_ADC_setSocTrigSrc</name>
         <value>0x87e7</value>
         <object_component_ref idref="oc-83"/>
      </symbol>
      <symbol id="sm-70">
         <name>_ADC_disableRefBuffers</name>
         <value>0x8670</value>
         <object_component_ref idref="oc-83"/>
      </symbol>
      <symbol id="sm-72">
         <name>_ADC_powerUp</name>
         <value>0x86ee</value>
         <object_component_ref idref="oc-83"/>
      </symbol>
      <symbol id="sm-74">
         <name>_ADC_setIntPulseGenMode</name>
         <value>0x8754</value>
         <object_component_ref idref="oc-83"/>
      </symbol>
      <symbol id="sm-76">
         <name>_ADC_setSocFrc</name>
         <value>0x8800</value>
         <object_component_ref idref="oc-83"/>
      </symbol>
      <symbol id="sm-78">
         <name>_ADC_setSampleMode</name>
         <value>0x8797</value>
         <object_component_ref idref="oc-83"/>
      </symbol>
      <symbol id="sm-7a">
         <name>_ADC_setIntSrc</name>
         <value>0x876c</value>
         <object_component_ref idref="oc-83"/>
      </symbol>
      <symbol id="sm-7c">
         <name>_ADC_init</name>
         <value>0x86cf</value>
         <object_component_ref idref="oc-83"/>
      </symbol>
      <symbol id="sm-7e">
         <name>_ADC_disableInt</name>
         <value>0x8651</value>
         <object_component_ref idref="oc-83"/>
      </symbol>
      <symbol id="sm-80">
         <name>_ADC_enable</name>
         <value>0x8680</value>
         <object_component_ref idref="oc-83"/>
      </symbol>
      <symbol id="sm-82">
         <name>_ADC_enableInt</name>
         <value>0x86a0</value>
         <object_component_ref idref="oc-83"/>
      </symbol>
      <symbol id="sm-84">
         <name>_ADC_disable</name>
         <value>0x8631</value>
         <object_component_ref idref="oc-83"/>
      </symbol>
      <symbol id="sm-86">
         <name>_ADC_enableVoltRefLoConv</name>
         <value>0x88f3</value>
         <object_component_ref idref="oc-83"/>
      </symbol>
      <symbol id="sm-88">
         <name>_ADC_getDivideSelect</name>
         <value>0x8855</value>
         <object_component_ref idref="oc-83"/>
      </symbol>
      <symbol id="sm-8a">
         <name>_ADC_setOffTrim</name>
         <value>0x88e2</value>
         <object_component_ref idref="oc-83"/>
      </symbol>
      <symbol id="sm-8c">
         <name>_ADC_setDivideSelect</name>
         <value>0x8867</value>
         <object_component_ref idref="oc-83"/>
      </symbol>
      <symbol id="sm-8e">
         <name>_ADC_enableNoOverlapMode</name>
         <value>0x887f</value>
         <object_component_ref idref="oc-83"/>
      </symbol>
      <symbol id="sm-90">
         <name>_ADC_disableBandGap</name>
         <value>0x8641</value>
         <object_component_ref idref="oc-83"/>
      </symbol>
      <symbol id="sm-9f">
         <name>_CLK_enableLinAClock</name>
         <value>0x81fd</value>
         <object_component_ref idref="oc-7e"/>
      </symbol>
      <symbol id="sm-a1">
         <name>_CLK_enablePwmClock</name>
         <value>0x8237</value>
         <object_component_ref idref="oc-7e"/>
      </symbol>
      <symbol id="sm-a3">
         <name>_CLK_enableSpiaClock</name>
         <value>0x8264</value>
         <object_component_ref idref="oc-7e"/>
      </symbol>
      <symbol id="sm-a5">
         <name>_CLK_enableSpibClock</name>
         <value>0x8272</value>
         <object_component_ref idref="oc-7e"/>
      </symbol>
      <symbol id="sm-a7">
         <name>_CLK_enableOsc1HaltMode</name>
         <value>0x8216</value>
         <object_component_ref idref="oc-7e"/>
      </symbol>
      <symbol id="sm-a9">
         <name>_CLK_enableHrPwmClock</name>
         <value>0x81e1</value>
         <object_component_ref idref="oc-7e"/>
      </symbol>
      <symbol id="sm-ab">
         <name>_CLK_enableClaClock</name>
         <value>0x8159</value>
         <object_component_ref idref="oc-7e"/>
      </symbol>
      <symbol id="sm-ad">
         <name>_CLK_disableCrystalOsc</name>
         <value>0x8044</value>
         <object_component_ref idref="oc-7e"/>
      </symbol>
      <symbol id="sm-af">
         <name>_CLK_enableAdcClock</name>
         <value>0x814b</value>
         <object_component_ref idref="oc-7e"/>
      </symbol>
      <symbol id="sm-b1">
         <name>_CLK_disableGpioInputClock</name>
         <value>0x8087</value>
         <object_component_ref idref="oc-7e"/>
      </symbol>
      <symbol id="sm-b3">
         <name>_CLK_disableAdcClock</name>
         <value>0x8000</value>
         <object_component_ref idref="oc-7e"/>
      </symbol>
      <symbol id="sm-b5">
         <name>_CLK_enableEqep2Clock</name>
         <value>0x81ac</value>
         <object_component_ref idref="oc-7e"/>
      </symbol>
      <symbol id="sm-b7">
         <name>_CLK_enableEqep1Clock</name>
         <value>0x819e</value>
         <object_component_ref idref="oc-7e"/>
      </symbol>
      <symbol id="sm-b9">
         <name>_CLK_disableEcanaClock</name>
         <value>0x804f</value>
         <object_component_ref idref="oc-7e"/>
      </symbol>
      <symbol id="sm-bb">
         <name>_CLK_disableClaClock</name>
         <value>0x800e</value>
         <object_component_ref idref="oc-7e"/>
      </symbol>
      <symbol id="sm-bd">
         <name>_CLK_enableWatchDogHaltMode</name>
         <value>0x828e</value>
         <object_component_ref idref="oc-7e"/>
      </symbol>
      <symbol id="sm-bf">
         <name>_CLK_disableOsc2</name>
         <value>0x80d5</value>
         <object_component_ref idref="oc-7e"/>
      </symbol>
      <symbol id="sm-c1">
         <name>_CLK_disableOsc1</name>
         <value>0x80bf</value>
         <object_component_ref idref="oc-7e"/>
      </symbol>
      <symbol id="sm-c3">
         <name>_CLK_setTimer2Src</name>
         <value>0x82ff</value>
         <object_component_ref idref="oc-7e"/>
      </symbol>
      <symbol id="sm-c5">
         <name>_CLK_enableTbClockSync</name>
         <value>0x8280</value>
         <object_component_ref idref="oc-7e"/>
      </symbol>
      <symbol id="sm-c7">
         <name>_CLK_disableScibClock</name>
         <value>0x810b</value>
         <object_component_ref idref="oc-7e"/>
      </symbol>
      <symbol id="sm-c9">
         <name>_CLK_disableSciaClock</name>
         <value>0x80fd</value>
         <object_component_ref idref="oc-7e"/>
      </symbol>
      <symbol id="sm-cb">
         <name>_CLK_disableOsc2HaltMode</name>
         <value>0x80e0</value>
         <object_component_ref idref="oc-7e"/>
      </symbol>
      <symbol id="sm-cd">
         <name>_CLK_enableCompClock</name>
         <value>0x8167</value>
         <object_component_ref idref="oc-7e"/>
      </symbol>
      <symbol id="sm-cf">
         <name>_CLK_enableCpuTimerClock</name>
         <value>0x8176</value>
         <object_component_ref idref="oc-7e"/>
      </symbol>
      <symbol id="sm-d1">
         <name>_CLK_disableTbClockSync</name>
         <value>0x8132</value>
         <object_component_ref idref="oc-7e"/>
      </symbol>
      <symbol id="sm-d3">
         <name>_CLK_disableCompClock</name>
         <value>0x8027</value>
         <object_component_ref idref="oc-7e"/>
      </symbol>
      <symbol id="sm-d5">
         <name>_CLK_enableEcap1Clock</name>
         <value>0x81ba</value>
         <object_component_ref idref="oc-7e"/>
      </symbol>
      <symbol id="sm-d7">
         <name>_CLK_enableSciaClock</name>
         <value>0x8248</value>
         <object_component_ref idref="oc-7e"/>
      </symbol>
      <symbol id="sm-d9">
         <name>_CLK_enableScibClock</name>
         <value>0x8256</value>
         <object_component_ref idref="oc-7e"/>
      </symbol>
      <symbol id="sm-db">
         <name>_CLK_setWatchDogSrc</name>
         <value>0x830e</value>
         <object_component_ref idref="oc-7e"/>
      </symbol>
      <symbol id="sm-dd">
         <name>_CLK_disablePwmClock</name>
         <value>0x80eb</value>
         <object_component_ref idref="oc-7e"/>
      </symbol>
      <symbol id="sm-df">
         <name>_CLK_enableOsc2HaltMode</name>
         <value>0x822c</value>
         <object_component_ref idref="oc-7e"/>
      </symbol>
      <symbol id="sm-e1">
         <name>_CLK_setOscSrc</name>
         <value>0x82c3</value>
         <object_component_ref idref="oc-7e"/>
      </symbol>
      <symbol id="sm-e3">
         <name>_CLK_setTimer2PreScale</name>
         <value>0x82f0</value>
         <object_component_ref idref="oc-7e"/>
      </symbol>
      <symbol id="sm-e5">
         <name>_CLK_setXClkInSrc</name>
         <value>0x82e1</value>
         <object_component_ref idref="oc-7e"/>
      </symbol>
      <symbol id="sm-e7">
         <name>_CLK_enableI2cClock</name>
         <value>0x81ef</value>
         <object_component_ref idref="oc-7e"/>
      </symbol>
      <symbol id="sm-e9">
         <name>_CLK_setOsc2Src</name>
         <value>0x82d2</value>
         <object_component_ref idref="oc-7e"/>
      </symbol>
      <symbol id="sm-eb">
         <name>_CLK_enableOsc1</name>
         <value>0x820b</value>
         <object_component_ref idref="oc-7e"/>
      </symbol>
      <symbol id="sm-ed">
         <name>_CLK_enableOsc2</name>
         <value>0x8221</value>
         <object_component_ref idref="oc-7e"/>
      </symbol>
      <symbol id="sm-ef">
         <name>_CLK_disableCpuTimerClock</name>
         <value>0x8034</value>
         <object_component_ref idref="oc-7e"/>
      </symbol>
      <symbol id="sm-f1">
         <name>_CLK_setLowSpdPreScaler</name>
         <value>0x82b4</value>
         <object_component_ref idref="oc-7e"/>
      </symbol>
      <symbol id="sm-f3">
         <name>_CLK_disableEqep1Clock</name>
         <value>0x806b</value>
         <object_component_ref idref="oc-7e"/>
      </symbol>
      <symbol id="sm-f5">
         <name>_CLK_disableI2cClock</name>
         <value>0x80a3</value>
         <object_component_ref idref="oc-7e"/>
      </symbol>
      <symbol id="sm-f7">
         <name>_CLK_disableEqep2Clock</name>
         <value>0x8079</value>
         <object_component_ref idref="oc-7e"/>
      </symbol>
      <symbol id="sm-f9">
         <name>_CLK_disableOsc1HaltMode</name>
         <value>0x80ca</value>
         <object_component_ref idref="oc-7e"/>
      </symbol>
      <symbol id="sm-fb">
         <name>_CLK_enableClkIn</name>
         <value>0x81c8</value>
         <object_component_ref idref="oc-7e"/>
      </symbol>
      <symbol id="sm-fd">
         <name>_CLK_setClkOutPreScaler</name>
         <value>0x82a5</value>
         <object_component_ref idref="oc-7e"/>
      </symbol>
      <symbol id="sm-ff">
         <name>_CLK_disableLinAClock</name>
         <value>0x80b1</value>
         <object_component_ref idref="oc-7e"/>
      </symbol>
      <symbol id="sm-101">
         <name>_CLK_disableWatchDogHaltMode</name>
         <value>0x8140</value>
         <object_component_ref idref="oc-7e"/>
      </symbol>
      <symbol id="sm-103">
         <name>_CLK_disableEcap1Clock</name>
         <value>0x805d</value>
         <object_component_ref idref="oc-7e"/>
      </symbol>
      <symbol id="sm-105">
         <name>_CLK_enableGpioInputClock</name>
         <value>0x81d3</value>
         <object_component_ref idref="oc-7e"/>
      </symbol>
      <symbol id="sm-107">
         <name>_CLK_enableCrystalOsc</name>
         <value>0x8185</value>
         <object_component_ref idref="oc-7e"/>
      </symbol>
      <symbol id="sm-109">
         <name>_CLK_enableEcanaClock</name>
         <value>0x8190</value>
         <object_component_ref idref="oc-7e"/>
      </symbol>
      <symbol id="sm-10b">
         <name>_CLK_disableClkIn</name>
         <value>0x801c</value>
         <object_component_ref idref="oc-7e"/>
      </symbol>
      <symbol id="sm-10d">
         <name>_CLK_disableHrPwmClock</name>
         <value>0x8095</value>
         <object_component_ref idref="oc-7e"/>
      </symbol>
      <symbol id="sm-10f">
         <name>_CLK_init</name>
         <value>0x8299</value>
         <object_component_ref idref="oc-7e"/>
      </symbol>
      <symbol id="sm-111">
         <name>_CLK_disableSpibClock</name>
         <value>0x8127</value>
         <object_component_ref idref="oc-7e"/>
      </symbol>
      <symbol id="sm-113">
         <name>_CLK_disableSpiaClock</name>
         <value>0x8119</value>
         <object_component_ref idref="oc-7e"/>
      </symbol>
      <symbol id="sm-149">
         <name>_GPIO_setExtInt</name>
         <value>0x83cc</value>
         <object_component_ref idref="oc-7f"/>
      </symbol>
      <symbol id="sm-14b">
         <name>_GPIO_getPortData</name>
         <value>0x8340</value>
         <object_component_ref idref="oc-7f"/>
      </symbol>
      <symbol id="sm-14d">
         <name>_GPIO_lpmSelect</name>
         <value>0x861f</value>
         <object_component_ref idref="oc-7f"/>
      </symbol>
      <symbol id="sm-14f">
         <name>_GPIO_setLow</name>
         <value>0x842b</value>
         <object_component_ref idref="oc-7f"/>
      </symbol>
      <symbol id="sm-151">
         <name>_GPIO_getData</name>
         <value>0x831d</value>
         <object_component_ref idref="oc-7f"/>
      </symbol>
      <symbol id="sm-153">
         <name>_GPIO_setQualificationPeriod</name>
         <value>0x8565</value>
         <object_component_ref idref="oc-7f"/>
      </symbol>
      <symbol id="sm-155">
         <name>_GPIO_toggle</name>
         <value>0x85ff</value>
         <object_component_ref idref="oc-7f"/>
      </symbol>
      <symbol id="sm-157">
         <name>_GPIO_setQualification</name>
         <value>0x84d6</value>
         <object_component_ref idref="oc-7f"/>
      </symbol>
      <symbol id="sm-159">
         <name>_GPIO_setMode</name>
         <value>0x844b</value>
         <object_component_ref idref="oc-7f"/>
      </symbol>
      <symbol id="sm-15b">
         <name>_GPIO_init</name>
         <value>0x8356</value>
         <object_component_ref idref="oc-7f"/>
      </symbol>
      <symbol id="sm-15d">
         <name>_GPIO_read</name>
         <value>0x83de</value>
         <object_component_ref idref="oc-7f"/>
      </symbol>
      <symbol id="sm-15f">
         <name>_GPIO_setDirection</name>
         <value>0x8397</value>
         <object_component_ref idref="oc-7f"/>
      </symbol>
      <symbol id="sm-161">
         <name>_GPIO_setHigh</name>
         <value>0x840b</value>
         <object_component_ref idref="oc-7f"/>
      </symbol>
      <symbol id="sm-163">
         <name>_GPIO_setPullup</name>
         <value>0x8362</value>
         <object_component_ref idref="oc-7f"/>
      </symbol>
      <symbol id="sm-165">
         <name>_GPIO_setPortData</name>
         <value>0x84bc</value>
         <object_component_ref idref="oc-7f"/>
      </symbol>
      <symbol id="sm-177">
         <name>_main</name>
         <value>0x8d3b</value>
         <object_component_ref idref="oc-7a"/>
      </symbol>
      <symbol id="sm-179">
         <name>_setupSciA</name>
         <value>0x8d9f</value>
         <object_component_ref idref="oc-7a"/>
      </symbol>
      <symbol id="sm-17b">
         <name>_initSysCtrl</name>
         <value>0x8d76</value>
         <object_component_ref idref="oc-7a"/>
      </symbol>
      <symbol id="sm-190">
         <name>_OSC_setTrim</name>
         <value>0x8ee2</value>
         <object_component_ref idref="oc-84"/>
      </symbol>
      <symbol id="sm-192">
         <name>_OSC_init</name>
         <value>0x8ea2</value>
         <object_component_ref idref="oc-84"/>
      </symbol>
      <symbol id="sm-194">
         <name>_OSC_setFineTrim</name>
         <value>0x8ec7</value>
         <object_component_ref idref="oc-84"/>
      </symbol>
      <symbol id="sm-196">
         <name>_OSC_setCoarseTrim</name>
         <value>0x8eae</value>
         <object_component_ref idref="oc-84"/>
      </symbol>
      <symbol id="sm-1a5">
         <name>_PLL_enable</name>
         <value>0x8c9b</value>
         <object_component_ref idref="oc-85"/>
      </symbol>
      <symbol id="sm-1a7">
         <name>_PLL_setLockPeriod</name>
         <value>0x8d23</value>
         <object_component_ref idref="oc-85"/>
      </symbol>
      <symbol id="sm-1a9">
         <name>_PLL_getClkStatus</name>
         <value>0x8cd3</value>
         <object_component_ref idref="oc-85"/>
      </symbol>
      <symbol id="sm-1ab">
         <name>_PLL_disableNormRdy</name>
         <value>0x8c85</value>
         <object_component_ref idref="oc-85"/>
      </symbol>
      <symbol id="sm-1ad">
         <name>_PLL_resetClkDetect</name>
         <value>0x8cfa</value>
         <object_component_ref idref="oc-85"/>
      </symbol>
      <symbol id="sm-1af">
         <name>_PLL_init</name>
         <value>0x8cee</value>
         <object_component_ref idref="oc-85"/>
      </symbol>
      <symbol id="sm-1b1">
         <name>_PLL_getDivideSelect</name>
         <value>0x8cdc</value>
         <object_component_ref idref="oc-85"/>
      </symbol>
      <symbol id="sm-1b3">
         <name>_PLL_setDivideSelect</name>
         <value>0x8d14</value>
         <object_component_ref idref="oc-85"/>
      </symbol>
      <symbol id="sm-1b5">
         <name>_PLL_disableClkDetect</name>
         <value>0x8c7a</value>
         <object_component_ref idref="oc-85"/>
      </symbol>
      <symbol id="sm-1b7">
         <name>_PLL_getLockStatus</name>
         <value>0x8ce5</value>
         <object_component_ref idref="oc-85"/>
      </symbol>
      <symbol id="sm-1b9">
         <name>_PLL_disable</name>
         <value>0x8c6f</value>
         <object_component_ref idref="oc-85"/>
      </symbol>
      <symbol id="sm-1bb">
         <name>_PLL_enableOsc</name>
         <value>0x8cbc</value>
         <object_component_ref idref="oc-85"/>
      </symbol>
      <symbol id="sm-1bd">
         <name>_PLL_getClkFreq</name>
         <value>0x8cc7</value>
         <object_component_ref idref="oc-85"/>
      </symbol>
      <symbol id="sm-1bf">
         <name>_PLL_setClkFreq</name>
         <value>0x8d05</value>
         <object_component_ref idref="oc-85"/>
      </symbol>
      <symbol id="sm-1c1">
         <name>_PLL_disableOsc</name>
         <value>0x8c90</value>
         <object_component_ref idref="oc-85"/>
      </symbol>
      <symbol id="sm-1c3">
         <name>_PLL_enableClkDetect</name>
         <value>0x8ca6</value>
         <object_component_ref idref="oc-85"/>
      </symbol>
      <symbol id="sm-1c5">
         <name>_PLL_enableNormRdy</name>
         <value>0x8cb1</value>
         <object_component_ref idref="oc-85"/>
      </symbol>
      <symbol id="sm-1e0">
         <name>_SCI_getDataBlocking</name>
         <value>0x8a78</value>
         <object_component_ref idref="oc-7d"/>
      </symbol>
      <symbol id="sm-1e2">
         <name>_SCI_enableSleep</name>
         <value>0x8a21</value>
         <object_component_ref idref="oc-7d"/>
      </symbol>
      <symbol id="sm-1e4">
         <name>_SCI_disable</name>
         <value>0x895f</value>
         <object_component_ref idref="oc-7d"/>
      </symbol>
      <symbol id="sm-1e6">
         <name>_SCI_disableTxWake</name>
         <value>0x89d3</value>
         <object_component_ref idref="oc-7d"/>
      </symbol>
      <symbol id="sm-1e8">
         <name>_SCI_enableRxFifoInt</name>
         <value>0x8a34</value>
         <object_component_ref idref="oc-7d"/>
      </symbol>
      <symbol id="sm-1ea">
         <name>_SCI_setNumStopBits</name>
         <value>0x8b45</value>
         <object_component_ref idref="oc-7d"/>
      </symbol>
      <symbol id="sm-1ec">
         <name>_SCI_enableRxErrorInt</name>
         <value>0x8a11</value>
         <object_component_ref idref="oc-7d"/>
      </symbol>
      <symbol id="sm-1ee">
         <name>_SCI_putDataBlocking</name>
         <value>0x8abd</value>
         <object_component_ref idref="oc-7d"/>
      </symbol>
      <symbol id="sm-1f0">
         <name>_SCI_disableTxInt</name>
         <value>0x89cb</value>
         <object_component_ref idref="oc-7d"/>
      </symbol>
      <symbol id="sm-1f2">
         <name>_SCI_enableLoopBack</name>
         <value>0x89f9</value>
         <object_component_ref idref="oc-7d"/>
      </symbol>
      <symbol id="sm-1f4">
         <name>_SCI_clearRxFifoInt</name>
         <value>0x8949</value>
         <object_component_ref idref="oc-7d"/>
      </symbol>
      <symbol id="sm-1f6">
         <name>_SCI_getDataNonBlocking</name>
         <value>0x8a85</value>
         <object_component_ref idref="oc-7d"/>
      </symbol>
      <symbol id="sm-1f8">
         <name>_SCI_setMode</name>
         <value>0x8b39</value>
         <object_component_ref idref="oc-7d"/>
      </symbol>
      <symbol id="sm-1fa">
         <name>_SCI_disableTxFifoEnh</name>
         <value>0x89b5</value>
         <object_component_ref idref="oc-7d"/>
      </symbol>
      <symbol id="sm-1fc">
         <name>_SCI_enableTxWake</name>
         <value>0x8a70</value>
         <object_component_ref idref="oc-7d"/>
      </symbol>
      <symbol id="sm-1fe">
         <name>_SCI_clearRxFifoOvf</name>
         <value>0x893e</value>
         <object_component_ref idref="oc-7d"/>
      </symbol>
      <symbol id="sm-200">
         <name>_SCI_init</name>
         <value>0x8ab1</value>
         <object_component_ref idref="oc-7d"/>
      </symbol>
      <symbol id="sm-202">
         <name>_SCI_disableTxFifoInt</name>
         <value>0x89c0</value>
         <object_component_ref idref="oc-7d"/>
      </symbol>
      <symbol id="sm-204">
         <name>_SCI_setParity</name>
         <value>0x8b5d</value>
         <object_component_ref idref="oc-7d"/>
      </symbol>
      <symbol id="sm-206">
         <name>_SCI_setTxDelay</name>
         <value>0x8b69</value>
         <object_component_ref idref="oc-7d"/>
      </symbol>
      <symbol id="sm-208">
         <name>_SCI_resetChannels</name>
         <value>0x8ae9</value>
         <object_component_ref idref="oc-7d"/>
      </symbol>
      <symbol id="sm-20a">
         <name>_SCI_disableRxErrorInt</name>
         <value>0x898a</value>
         <object_component_ref idref="oc-7d"/>
      </symbol>
      <symbol id="sm-20c">
         <name>_SCI_enableTxFifoInt</name>
         <value>0x8a5d</value>
         <object_component_ref idref="oc-7d"/>
      </symbol>
      <symbol id="sm-20e">
         <name>_SCI_enableParity</name>
         <value>0x8a01</value>
         <object_component_ref idref="oc-7d"/>
      </symbol>
      <symbol id="sm-210">
         <name>_SCI_enableTxInt</name>
         <value>0x8a68</value>
         <object_component_ref idref="oc-7d"/>
      </symbol>
      <symbol id="sm-212">
         <name>_SCI_disableAutoBaudAlign</name>
         <value>0x8967</value>
         <object_component_ref idref="oc-7d"/>
      </symbol>
      <symbol id="sm-214">
         <name>_SCI_disableSleep</name>
         <value>0x89a5</value>
         <object_component_ref idref="oc-7d"/>
      </symbol>
      <symbol id="sm-216">
         <name>_SCI_putDataNonBlocking</name>
         <value>0x8ace</value>
         <object_component_ref idref="oc-7d"/>
      </symbol>
      <symbol id="sm-218">
         <name>_SCI_enableChannels</name>
         <value>0x89ee</value>
         <object_component_ref idref="oc-7d"/>
      </symbol>
      <symbol id="sm-21a">
         <name>_SCI_clearAutoBaudDetect</name>
         <value>0x8933</value>
         <object_component_ref idref="oc-7d"/>
      </symbol>
      <symbol id="sm-21c">
         <name>_SCI_disableRxFifoInt</name>
         <value>0x8992</value>
         <object_component_ref idref="oc-7d"/>
      </symbol>
      <symbol id="sm-21e">
         <name>_SCI_disableRxInt</name>
         <value>0x899d</value>
         <object_component_ref idref="oc-7d"/>
      </symbol>
      <symbol id="sm-220">
         <name>_SCI_disableTx</name>
         <value>0x89ad</value>
         <object_component_ref idref="oc-7d"/>
      </symbol>
      <symbol id="sm-222">
         <name>_SCI_disableParity</name>
         <value>0x897a</value>
         <object_component_ref idref="oc-7d"/>
      </symbol>
      <symbol id="sm-224">
         <name>_SCI_setRxFifoIntLevel</name>
         <value>0x8b7a</value>
         <object_component_ref idref="oc-7d"/>
      </symbol>
      <symbol id="sm-226">
         <name>_SCI_enableTxFifoEnh</name>
         <value>0x8a52</value>
         <object_component_ref idref="oc-7d"/>
      </symbol>
      <symbol id="sm-228">
         <name>_SCI_resetTxFifo</name>
         <value>0x8b0d</value>
         <object_component_ref idref="oc-7d"/>
      </symbol>
      <symbol id="sm-22a">
         <name>_SCI_resetRxFifo</name>
         <value>0x8afb</value>
         <object_component_ref idref="oc-7d"/>
      </symbol>
      <symbol id="sm-22c">
         <name>_SCI_reset</name>
         <value>0x8ae1</value>
         <object_component_ref idref="oc-7d"/>
      </symbol>
      <symbol id="sm-22e">
         <name>_SCI_getTxFifoStatus</name>
         <value>0x8aa5</value>
         <object_component_ref idref="oc-7d"/>
      </symbol>
      <symbol id="sm-230">
         <name>_SCI_clearTxFifoInt</name>
         <value>0x8954</value>
         <object_component_ref idref="oc-7d"/>
      </symbol>
      <symbol id="sm-232">
         <name>_SCI_enable</name>
         <value>0x89db</value>
         <object_component_ref idref="oc-7d"/>
      </symbol>
      <symbol id="sm-234">
         <name>_SCI_disableLoopBack</name>
         <value>0x8972</value>
         <object_component_ref idref="oc-7d"/>
      </symbol>
      <symbol id="sm-236">
         <name>_SCI_setTxFifoIntLevel</name>
         <value>0x8b8b</value>
         <object_component_ref idref="oc-7d"/>
      </symbol>
      <symbol id="sm-238">
         <name>_SCI_disableRx</name>
         <value>0x8982</value>
         <object_component_ref idref="oc-7d"/>
      </symbol>
      <symbol id="sm-23a">
         <name>_SCI_enableRxInt</name>
         <value>0x8a19</value>
         <object_component_ref idref="oc-7d"/>
      </symbol>
      <symbol id="sm-23c">
         <name>_SCI_setBaudRate</name>
         <value>0x8b1f</value>
         <object_component_ref idref="oc-7d"/>
      </symbol>
      <symbol id="sm-23e">
         <name>_SCI_enableRx</name>
         <value>0x8a09</value>
         <object_component_ref idref="oc-7d"/>
      </symbol>
      <symbol id="sm-240">
         <name>_SCI_enableAutoBaudAlign</name>
         <value>0x89e3</value>
         <object_component_ref idref="oc-7d"/>
      </symbol>
      <symbol id="sm-242">
         <name>_SCI_enableTxFifo</name>
         <value>0x8a47</value>
         <object_component_ref idref="oc-7d"/>
      </symbol>
      <symbol id="sm-244">
         <name>_SCI_enableRxFifo</name>
         <value>0x8a29</value>
         <object_component_ref idref="oc-7d"/>
      </symbol>
      <symbol id="sm-246">
         <name>_SCI_enableTx</name>
         <value>0x8a3f</value>
         <object_component_ref idref="oc-7d"/>
      </symbol>
      <symbol id="sm-248">
         <name>_SCI_setPriority</name>
         <value>0x8b51</value>
         <object_component_ref idref="oc-7d"/>
      </symbol>
      <symbol id="sm-24a">
         <name>_SCI_setCharLength</name>
         <value>0x8b2d</value>
         <object_component_ref idref="oc-7d"/>
      </symbol>
      <symbol id="sm-24c">
         <name>_SCI_getRxFifoStatus</name>
         <value>0x8a99</value>
         <object_component_ref idref="oc-7d"/>
      </symbol>
      <symbol id="sm-25b">
         <name>_WDOG_disableInt</name>
         <value>0x8ddf</value>
         <object_component_ref idref="oc-82"/>
      </symbol>
      <symbol id="sm-25d">
         <name>_WDOG_setPreScaler</name>
         <value>0x8e39</value>
         <object_component_ref idref="oc-82"/>
      </symbol>
      <symbol id="sm-25f">
         <name>_WDOG_enableInt</name>
         <value>0x8e05</value>
         <object_component_ref idref="oc-82"/>
      </symbol>
      <symbol id="sm-261">
         <name>_WDOG_enable</name>
         <value>0x8df5</value>
         <object_component_ref idref="oc-82"/>
      </symbol>
      <symbol id="sm-263">
         <name>_WDOG_setCount</name>
         <value>0x8e30</value>
         <object_component_ref idref="oc-82"/>
      </symbol>
      <symbol id="sm-265">
         <name>_WDOG_init</name>
         <value>0x8e24</value>
         <object_component_ref idref="oc-82"/>
      </symbol>
      <symbol id="sm-267">
         <name>_WDOG_getIntStatus</name>
         <value>0x8e1b</value>
         <object_component_ref idref="oc-82"/>
      </symbol>
      <symbol id="sm-269">
         <name>_WDOG_disable</name>
         <value>0x8dcf</value>
         <object_component_ref idref="oc-82"/>
      </symbol>
      <symbol id="sm-26b">
         <name>_WDOG_enableOverRide</name>
         <value>0x8e10</value>
         <object_component_ref idref="oc-82"/>
      </symbol>
      <symbol id="sm-26d">
         <name>_WDOG_disableOverRide</name>
         <value>0x8dea</value>
         <object_component_ref idref="oc-82"/>
      </symbol>
      <symbol id="sm-26f">
         <name>_WDOG_clearCounter</name>
         <value>0x8dc1</value>
         <object_component_ref idref="oc-82"/>
      </symbol>
      <symbol id="sm-28b">
         <name>_c_int00</name>
         <value>0x8e4c</value>
         <object_component_ref idref="oc-15"/>
      </symbol>
      <symbol id="sm-28c">
         <name>__stack</name>
         <value>0x400</value>
         <object_component_ref idref="oc-3e"/>
      </symbol>
      <symbol id="sm-29b">
         <name>_copy_in</name>
         <value>0x8f1e</value>
         <object_component_ref idref="oc-75"/>
      </symbol>
      <symbol id="sm-2ad">
         <name>_memcpy</name>
         <value>0x8f42</value>
         <object_component_ref idref="oc-79"/>
      </symbol>
      <symbol id="sm-2ba">
         <name>__system_pre_init</name>
         <value>0x8f7a</value>
         <object_component_ref idref="oc-74"/>
      </symbol>
      <symbol id="sm-2c8">
         <name>__system_post_cinit</name>
         <value>0x8f7c</value>
         <object_component_ref idref="oc-76"/>
      </symbol>
      <symbol id="sm-2dd">
         <name>C$$EXIT</name>
         <value>0x8ef5</value>
         <object_component_ref idref="oc-78"/>
      </symbol>
      <symbol id="sm-2de">
         <name>_exit</name>
         <value>0x8ef7</value>
         <object_component_ref idref="oc-78"/>
      </symbol>
      <symbol id="sm-2e0">
         <name>___TI_cleanup_ptr</name>
         <value>0xa122</value>
         <object_component_ref idref="oc-5a"/>
      </symbol>
      <symbol id="sm-2e1">
         <name>___TI_enable_exit_profile_output</name>
         <value>0xa120</value>
         <object_component_ref idref="oc-5a"/>
      </symbol>
      <symbol id="sm-2e2">
         <name>_abort</name>
         <value>0x8ef5</value>
         <object_component_ref idref="oc-78"/>
      </symbol>
      <symbol id="sm-2e4">
         <name>___TI_dtors_ptr</name>
         <value>0xa124</value>
         <object_component_ref idref="oc-5a"/>
      </symbol>
      <symbol id="sm-2f8">
         <name>__unlock</name>
         <value>0xa128</value>
         <object_component_ref idref="oc-89"/>
      </symbol>
      <symbol id="sm-2f9">
         <name>__lock</name>
         <value>0xa126</value>
         <object_component_ref idref="oc-7b"/>
      </symbol>
      <symbol id="sm-2fa">
         <name>__register_lock</name>
         <value>0x8f75</value>
         <object_component_ref idref="oc-86"/>
      </symbol>
      <symbol id="sm-2fc">
         <name>__nop</name>
         <value>0x8f79</value>
         <object_component_ref idref="oc-86"/>
      </symbol>
      <symbol id="sm-2fe">
         <name>__register_unlock</name>
         <value>0x8f71</value>
         <object_component_ref idref="oc-86"/>
      </symbol>
      <symbol id="sm-30e">
         <name>__args_main</name>
         <value>0x8f5f</value>
         <object_component_ref idref="oc-77"/>
      </symbol>
      <symbol id="sm-334">
         <name>_strtol</name>
         <value>0x8b9c</value>
         <object_component_ref idref="oc-81"/>
      </symbol>
      <symbol id="sm-33f">
         <name>_errno</name>
         <value>0xa12a</value>
         <object_component_ref idref="oc-70"/>
      </symbol>
      <symbol id="sm-347">
         <name>__ctypes_</name>
         <value>0xa000</value>
         <object_component_ref idref="oc-88"/>
      </symbol>
   </symbol_table>
   <title>Link successful</title>
</link_info>
